../Src/main.c:70:5:main	8	static
../Src/main.c:87:6:TimeBasic_Init	24	static
../Src/main.c:112:6:TIM2_IRQHandler	8	static
../Src/main.c:134:6:RetrieveDataFromFlash	8	static
../Src/main.c:145:6:UpdateDataToFlash	16	static
../Src/main.c:158:6:AppInitCommon	16	static
../Src/main.c:168:6:appStateManager	8	static
../Src/main.c:182:6:MAIN_RefreshChoices	24	static
../Src/main.c:218:6:SubmitButtonHandler	8	static
../Src/main.c:268:6:ProcessDirection	8	static
../Src/main.c:350:6:screenRefresh	16	static
../Src/main.c:568:6:ButtonInit	32	static
../Src/main.c:615:6:EXTI4_IRQHandler	16	static
../Src/main.c:627:6:LoadConfiguration	16	static
../Src/main.c:651:6:USART2_Init	40	static
../Src/main.c:691:6:USART2_IRQHandler	8	static
../Src/main.c:706:6:USART2_ResetBuffer	8	static
../Src/main.c:711:6:UARTBufferPop	24	static
../Src/main.c:726:6:USART2_SendMessage	8	static
../Src/main.c:740:6:ConfigUSARTBuffer	16	static
