Archive member included to satisfy reference by file (symbol)

C:\Funix\myWorkspace\Target\FinalProject_STM_V1_0_0\SDK_1.0.3_NUCLEO-F401RE\lib_stm\libLibraries.a(system_stm32f4xx.o)
                              ./Src/main.o (SystemCoreClockUpdate)
C:\Funix\myWorkspace\Target\FinalProject_STM_V1_0_0\SDK_1.0.3_NUCLEO-F401RE\lib_stm\libLibraries.a(misc.o)
                              ./Src/main.o (NVIC_PriorityGroupConfig)
C:\Funix\myWorkspace\Target\FinalProject_STM_V1_0_0\SDK_1.0.3_NUCLEO-F401RE\lib_stm\libLibraries.a(stm32f401re_exti.o)
                              ./Src/main.o (EXTI_Init)
C:\Funix\myWorkspace\Target\FinalProject_STM_V1_0_0\SDK_1.0.3_NUCLEO-F401RE\lib_stm\libLibraries.a(stm32f401re_gpio.o)
                              ./Src/main.o (GPIO_Init)
C:\Funix\myWorkspace\Target\FinalProject_STM_V1_0_0\SDK_1.0.3_NUCLEO-F401RE\lib_stm\libLibraries.a(stm32f401re_rcc.o)
                              ./Src/main.o (RCC_AHB1PeriphClockCmd)
C:\Funix\myWorkspace\Target\FinalProject_STM_V1_0_0\SDK_1.0.3_NUCLEO-F401RE\lib_stm\libLibraries.a(stm32f401re_syscfg.o)
                              ./Src/main.o (SYSCFG_EXTILineConfig)
C:\Funix\myWorkspace\Target\FinalProject_STM_V1_0_0\SDK_1.0.3_NUCLEO-F401RE\lib_stm\libLibraries.a(stm32f401re_tim.o)
                              ./Src/main.o (TIM_TimeBaseInit)
C:\Funix\myWorkspace\Target\FinalProject_STM_V1_0_0\SDK_1.0.3_NUCLEO-F401RE\lib_stm\libLibraries.a(stm32f401re_usart.o)
                              ./Src/main.o (USART_Init)
C:\Funix\myWorkspace\Target\FinalProject_STM_V1_0_0\SDK_1.0.3_NUCLEO-F401RE\lib_stm\libLibraries.a(button.o)
                              ./Src/main.o (Button_GetLogicInputPin)
C:\Funix\myWorkspace\Target\FinalProject_STM_V1_0_0\SDK_1.0.3_NUCLEO-F401RE\lib_stm\libLibraries.a(timer.o)
                              ./Src/main.o (TimerInit)
C:\Funix\myWorkspace\Target\FinalProject_STM_V1_0_0\SDK_1.0.3_NUCLEO-F401RE\lib_stm\libLibraries.a(Ucglib.o)
                              ./Src/main.o (Ucglib4WireSWSPI_begin)
C:\Funix\myWorkspace\Target\FinalProject_STM_V1_0_0\SDK_1.0.3_NUCLEO-F401RE\lib_stm\libLibraries.a(ucg_box.o)
                              ./Src/main.o (ucg_ClearScreen)
C:\Funix\myWorkspace\Target\FinalProject_STM_V1_0_0\SDK_1.0.3_NUCLEO-F401RE\lib_stm\libLibraries.a(ucg_ccs.o)
                              C:\Funix\myWorkspace\Target\FinalProject_STM_V1_0_0\SDK_1.0.3_NUCLEO-F401RE\lib_stm\libLibraries.a(ucg_box.o) (ucg_ccs_init)
C:\Funix\myWorkspace\Target\FinalProject_STM_V1_0_0\SDK_1.0.3_NUCLEO-F401RE\lib_stm\libLibraries.a(ucg_circle.o)
                              C:\Funix\myWorkspace\Target\FinalProject_STM_V1_0_0\SDK_1.0.3_NUCLEO-F401RE\lib_stm\libLibraries.a(ucg_box.o) (ucg_DrawCircle)
C:\Funix\myWorkspace\Target\FinalProject_STM_V1_0_0\SDK_1.0.3_NUCLEO-F401RE\lib_stm\libLibraries.a(ucg_dev_default_cb.o)
                              C:\Funix\myWorkspace\Target\FinalProject_STM_V1_0_0\SDK_1.0.3_NUCLEO-F401RE\lib_stm\libLibraries.a(Ucglib.o) (ucg_dev_default_cb)
C:\Funix\myWorkspace\Target\FinalProject_STM_V1_0_0\SDK_1.0.3_NUCLEO-F401RE\lib_stm\libLibraries.a(ucg_dev_ic_st7735.o)
                              C:\Funix\myWorkspace\Target\FinalProject_STM_V1_0_0\SDK_1.0.3_NUCLEO-F401RE\lib_stm\libLibraries.a(Ucglib.o) (ucg_ext_st7735_18)
C:\Funix\myWorkspace\Target\FinalProject_STM_V1_0_0\SDK_1.0.3_NUCLEO-F401RE\lib_stm\libLibraries.a(ucg_dev_msg_api.o)
                              C:\Funix\myWorkspace\Target\FinalProject_STM_V1_0_0\SDK_1.0.3_NUCLEO-F401RE\lib_stm\libLibraries.a(ucg_box.o) (ucg_SetMaxClipRange)
C:\Funix\myWorkspace\Target\FinalProject_STM_V1_0_0\SDK_1.0.3_NUCLEO-F401RE\lib_stm\libLibraries.a(ucg_dev_tft_128x128_st7735.o)
                              C:\Funix\myWorkspace\Target\FinalProject_STM_V1_0_0\SDK_1.0.3_NUCLEO-F401RE\lib_stm\libLibraries.a(Ucglib.o) (ucg_dev_st7735_18x128x128)
C:\Funix\myWorkspace\Target\FinalProject_STM_V1_0_0\SDK_1.0.3_NUCLEO-F401RE\lib_stm\libLibraries.a(ucg_font.o)
                              C:\Funix\myWorkspace\Target\FinalProject_STM_V1_0_0\SDK_1.0.3_NUCLEO-F401RE\lib_stm\libLibraries.a(Ucglib.o) (ucg_SetFontMode)
C:\Funix\myWorkspace\Target\FinalProject_STM_V1_0_0\SDK_1.0.3_NUCLEO-F401RE\lib_stm\libLibraries.a(ucg_init.o)
                              C:\Funix\myWorkspace\Target\FinalProject_STM_V1_0_0\SDK_1.0.3_NUCLEO-F401RE\lib_stm\libLibraries.a(Ucglib.o) (ucg_Init)
C:\Funix\myWorkspace\Target\FinalProject_STM_V1_0_0\SDK_1.0.3_NUCLEO-F401RE\lib_stm\libLibraries.a(ucg_line.o)
                              C:\Funix\myWorkspace\Target\FinalProject_STM_V1_0_0\SDK_1.0.3_NUCLEO-F401RE\lib_stm\libLibraries.a(ucg_font.o) (ucg_Draw90Line)
C:\Funix\myWorkspace\Target\FinalProject_STM_V1_0_0\SDK_1.0.3_NUCLEO-F401RE\lib_stm\libLibraries.a(ucg_pixel.o)
                              ./Src/main.o (ucg_SetColor)
[...]
Memory Configuration

Name             Origin             Length             Attributes
RAM              0x20000000         0x00018000         xrw
FLASH            0x08000000         0x00080000         xr
*default*        0x00000000         0xffffffff

Linker script and memory map

LOAD C:/ST/STM32CubeIDE_1.15.1/STM32CubeIDE/plugins/com.st.stm32cube.ide.mcu.externaltools.gnu-tools-for-stm32.12.3.rel1.win32_1.0.100.202403111256/tools/bin/../lib/gcc/arm-none-eabi/12.3.1/thumb/v7e-m+fp/hard/crti.o
LOAD C:/ST/STM32CubeIDE_1.15.1/STM32CubeIDE/plugins/com.st.stm32cube.ide.mcu.externaltools.gnu-tools-for-stm32.12.3.rel1.win32_1.0.100.202403111256/tools/bin/../lib/gcc/arm-none-eabi/12.3.1/thumb/v7e-m+fp/hard/crtbegin.o
LOAD C:/ST/STM32CubeIDE_1.15.1/STM32CubeIDE/plugins/com.st.stm32cube.ide.mcu.externaltools.gnu-tools-for-stm32.12.3.rel1.win32_1.0.100.202403111256/tools/bin/../lib/gcc/arm-none-eabi/12.3.1/../../../../arm-none-eabi/lib/thumb/v7e-m+fp/hard/crt0.o
LOAD ./Src/FlashMem/flashmem.o
LOAD ./Src/FlashMem/std/stm32f4xx_flash.o
LOAD ./Src/main.o
LOAD ./Src/syscalls.o
LOAD ./Src/sysmem.o
LOAD ./Startup/startup_stm32f401retx.o
LOAD C:\Funix\myWorkspace\Target\FinalProject_STM_V1_0_0\SDK_1.0.3_NUCLEO-F401RE\lib_stm\libLibraries.a
START GROUP
LOAD C:/ST/STM32CubeIDE_1.15.1/STM32CubeIDE/plugins/com.st.stm32cube.ide.mcu.externaltools.gnu-tools-for-stm32.12.3.rel1.win32_1.0.100.202403111256/tools/bin/../lib/gcc/arm-none-eabi/12.3.1/../../../../arm-none-eabi/lib/thumb/v7e-m+fp/hard\libc_nano.a
LOAD C:/ST/STM32CubeIDE_1.15.1/STM32CubeIDE/plugins/com.st.stm32cube.ide.mcu.externaltools.gnu-tools-for-stm32.12.3.rel1.win32_1.0.100.202403111256/tools/bin/../lib/gcc/arm-none-eabi/12.3.1/../../../../arm-none-eabi/lib/thumb/v7e-m+fp/hard\libm.a
END GROUP
START GROUP
LOAD C:/ST/STM32CubeIDE_1.15.1/STM32CubeIDE/plugins/com.st.stm32cube.ide.mcu.externaltools.gnu-tools-for-stm32.12.3.rel1.win32_1.0.100.202403111256/tools/bin/../lib/gcc/arm-none-eabi/12.3.1/thumb/v7e-m+fp/hard\libgcc.a
LOAD C:/ST/STM32CubeIDE_1.15.1/STM32CubeIDE/plugins/com.st.stm32cube.ide.mcu.externaltools.gnu-tools-for-stm32.12.3.rel1.win32_1.0.100.202403111256/tools/bin/../lib/gcc/arm-none-eabi/12.3.1/../../../../arm-none-eabi/lib/thumb/v7e-m+fp/hard\libc_nano.a
END GROUP
START GROUP
LOAD C:/ST/STM32CubeIDE_1.15.1/STM32CubeIDE/plugins/com.st.stm32cube.ide.mcu.externaltools.gnu-tools-for-stm32.12.3.rel1.win32_1.0.100.202403111256/tools/bin/../lib/gcc/arm-none-eabi/12.3.1/thumb/v7e-m+fp/hard\libgcc.a
LOAD C:/ST/STM32CubeIDE_1.15.1/STM32CubeIDE/plugins/com.st.stm32cube.ide.mcu.externaltools.gnu-tools-for-stm32.12.3.rel1.win32_1.0.100.202403111256/tools/bin/../lib/gcc/arm-none-eabi/12.3.1/../../../../arm-none-eabi/lib/thumb/v7e-m+fp/hard\libc_nano.a
LOAD C:/ST/STM32CubeIDE_1.15.1/STM32CubeIDE/plugins/com.st.stm32cube.ide.mcu.externaltools.gnu-tools-for-stm32.12.3.rel1.win32_1.0.100.202403111256/tools/bin/../lib/gcc/arm-none-eabi/12.3.1/../../../../arm-none-eabi/lib/thumb/v7e-m+fp/hard\libnosys.a
END GROUP
START GROUP
LOAD C:/ST/STM32CubeIDE_1.15.1/STM32CubeIDE/plugins/com.st.stm32cube.ide.mcu.externaltools.gnu-tools-for-stm32.12.3.rel1.win32_1.0.100.202403111256/tools/bin/../lib/gcc/arm-none-eabi/12.3.1/thumb/v7e-m+fp/hard\libgcc.a
LOAD C:/ST/STM32CubeIDE_1.15.1/STM32CubeIDE/plugins/com.st.stm32cube.ide.mcu.externaltools.gnu-tools-for-stm32.12.3.rel1.win32_1.0.100.202403111256/tools/bin/../lib/gcc/arm-none-eabi/12.3.1/../../../../arm-none-eabi/lib/thumb/v7e-m+fp/hard\libc_nano.a
LOAD C:/ST/STM32CubeIDE_1.15.1/STM32CubeIDE/plugins/com.st.stm32cube.ide.mcu.externaltools.gnu-tools-for-stm32.12.3.rel1.win32_1.0.100.202403111256/tools/bin/../lib/gcc/arm-none-eabi/12.3.1/../../../../arm-none-eabi/lib/thumb/v7e-m+fp/hard\libnosys.a
END GROUP
LOAD C:/ST/STM32CubeIDE_1.15.1/STM32CubeIDE/plugins/com.st.stm32cube.ide.mcu.externaltools.gnu-tools-for-stm32.12.3.rel1.win32_1.0.100.202403111256/tools/bin/../lib/gcc/arm-none-eabi/12.3.1/thumb/v7e-m+fp/hard/crtend.o
LOAD C:/ST/STM32CubeIDE_1.15.1/STM32CubeIDE/plugins/com.st.stm32cube.ide.mcu.externaltools.gnu-tools-for-stm32.12.3.rel1.win32_1.0.100.202403111256/tools/bin/../lib/gcc/arm-none-eabi/12.3.1/thumb/v7e-m+fp/hard/crtn.o
                0x20018000                        _estack = (ORIGIN (RAM) + LENGTH (RAM))
                0x00000200                        _Min_Heap_Size = 0x200
                0x00000400                        _Min_Stack_Size = 0x400

.isr_vector     0x08000000      0x194
                0x08000000                        . = ALIGN (0x4)
 *(.isr_vector)
 .isr_vector    0x08000000      0x194 ./Startup/startup_stm32f401retx.o
                0x08000000                g_pfnVectors
                0x08000194                        . = ALIGN (0x4)

.text           0x080001a0     0x5ef0
                0x080001a0                        . = ALIGN (0x4)
 *(.text)
 .text          0x080001a0       0x40 C:/ST/STM32CubeIDE_1.15.1/STM32CubeIDE/plugins/com.st.stm32cube.ide.mcu.externaltools.gnu-tools-for-stm32.12.3.rel1.win32_1.0.100.202403111256/tools/bin/../lib/gcc/arm-none-eabi/12.3.1/thumb/v7e-m+fp/hard/crtbegin.o
 .text          0x080001e0       0xa0 C:/ST/STM32CubeIDE_1.15.1/STM32CubeIDE/plugins/com.st.stm32cube.ide.mcu.externaltools.gnu-tools-for-stm32.12.3.rel1.win32_1.0.100.202403111256/tools/bin/../lib/gcc/arm-none-eabi/12.3.1/../../../../arm-none-eabi/lib/thumb/v7e-m+fp/hard\libc_nano.a(libc_a-memchr.o)
                0x080001e0                memchr
 *(.text*)
 .text.flashConfig
                0x08000280       0x50 ./Src/FlashMem/flashmem.o
                0x08000280                flashConfig
 .text.flashWrite
                0x080002d0       0x30 ./Src/FlashMem/flashmem.o
                0x080002d0                flashWrite
 .text.flashReadWord
                0x08000300       0x38 ./Src/FlashMem/flashmem.o
                0x08000300                flashReadWord
 .text.flashClear
                0x08000338       0x2c ./Src/FlashMem/flashmem.o
                0x08000338                flashClear
 .text.GetSector
                0x08000364      0x13c ./Src/FlashMem/flashmem.o
 .text.FLASH_Unlock
                0x080004a0       0x30 ./Src/FlashMem/std/stm32f4xx_flash.o
                0x080004a0                FLASH_Unlock
 .text.FLASH_EraseSector
                0x080004d0       0xc0 ./Src/FlashMem/std/stm32f4xx_flash.o
                0x080004d0                FLASH_EraseSector
 .text.FLASH_ProgramWord
                0x08000590       0x68 ./Src/FlashMem/std/stm32f4xx_flash.o
                0x08000590                FLASH_ProgramWord
 .text.FLASH_ClearFlag
                0x080005f8       0x20 ./Src/FlashMem/std/stm32f4xx_flash.o
                0x080005f8                FLASH_ClearFlag
 .text.FLASH_GetStatus
                0x08000618       0x7c ./Src/FlashMem/std/stm32f4xx_flash.o
                0x08000618                FLASH_GetStatus
 .text.FLASH_WaitForLastOperation
                0x08000694       0x30 ./Src/FlashMem/std/stm32f4xx_flash.o
                0x08000694                FLASH_WaitForLastOperation
 .text.main     0x080006c4       0x38 ./Src/main.o
                0x080006c4                main
 .text.TimeBasic_Init
                0x080006fc       0x70 ./Src/main.o
                0x080006fc                TimeBasic_Init
 .text.TIM2_IRQHandler
                0x0800076c       0xbc ./Src/main.o
                0x0800076c                TIM2_IRQHandler
 .text.RetrieveDataFromFlash
                0x08000828       0x68 ./Src/main.o
                0x08000828                RetrieveDataFromFlash
 .text.UpdateDataToFlash
                0x08000890       0x90 ./Src/main.o
                0x08000890                UpdateDataToFlash
 .text.AppInitCommon
                0x08000920       0x48 ./Src/main.o
                0x08000920                AppInitCommon
 .text.appStateManager
                0x08000968       0x2c ./Src/main.o
                0x08000968                appStateManager
 .text.MAIN_RefreshChoices
                0x08000994      0x204 ./Src/main.o
                0x08000994                MAIN_RefreshChoices
 .text.SubmitButtonHandler
                0x08000b98      0x134 ./Src/main.o
                0x08000b98                SubmitButtonHandler
 .text.ProcessDirection
                0x08000ccc      0x3e4 ./Src/main.o
                0x08000ccc                ProcessDirection
 .text.screenRefresh
                0x080010b0      0x95c ./Src/main.o
                0x080010b0                screenRefresh
 .text.ButtonInit
                0x08001a0c       0xd8 ./Src/main.o
                0x08001a0c                ButtonInit
 .text.EXTI4_IRQHandler
                0x08001ae4       0x70 ./Src/main.o
                0x08001ae4                EXTI4_IRQHandler
 .text.LoadConfiguration
                0x08001b54      0x104 ./Src/main.o
                0x08001b54                LoadConfiguration
 .text.USART2_Init
                0x08001c58       0xb0 ./Src/main.o
                0x08001c58                USART2_Init
 .text.USART2_IRQHandler
                0x08001d08       0x50 ./Src/main.o
                0x08001d08                USART2_IRQHandler
 .text.USART2_ResetBuffer
                0x08001d58       0x20 ./Src/main.o
                0x08001d58                USART2_ResetBuffer
 .text.UARTBufferPop
                0x08001d78       0x54 ./Src/main.o
                0x08001d78                UARTBufferPop
 .text.USART2_SendMessage
                0x08001dcc       0x80 ./Src/main.o
                0x08001dcc                USART2_SendMessage
 .text.ConfigUSARTBuffer
                0x08001e4c       0x2c ./Src/main.o
                0x08001e4c                ConfigUSARTBuffer
 .text._sbrk    0x08001e78       0x6c ./Src/sysmem.o
                0x08001e78                _sbrk
 .text.Reset_Handler
                0x08001ee4       0x50 ./Startup/startup_stm32f401retx.o
                0x08001ee4                Reset_Handler
 .text.Default_Handler
                0x08001f34        0x2 ./Startup/startup_stm32f401retx.o
                0x08001f34                EXTI2_IRQHandler
                0x08001f34                DebugMon_Handler
                0x08001f34                SPI4_IRQHandler
                0x08001f34                TIM1_CC_IRQHandler
                0x08001f34                DMA2_Stream5_IRQHandler
                0x08001f34                HardFault_Handler
                0x08001f34                DMA1_Stream5_IRQHandler
                0x08001f34                SDIO_IRQHandler
                0x08001f34                TAMP_STAMP_IRQHandler
                0x08001f34                PendSV_Handler
                0x08001f34                NMI_Handler
                0x08001f34                EXTI3_IRQHandler
                0x08001f34                TIM1_UP_TIM10_IRQHandler
                0x08001f34                I2C3_ER_IRQHandler
                0x08001f34                EXTI18_OTG_FS_WKUP_IRQHandler
                0x08001f34                EXTI0_IRQHandler
                0x08001f34                I2C2_EV_IRQHandler
                0x08001f34                DMA1_Stream2_IRQHandler
                0x08001f34                UsageFault_Handler
                0x08001f34                DMA2_Stream2_IRQHandler
                0x08001f34                SPI1_IRQHandler
                0x08001f34                TIM1_BRK_TIM9_IRQHandler
                0x08001f34                DMA2_Stream3_IRQHandler
                0x08001f34                USART6_IRQHandler
                0x08001f34                DMA2_Stream0_IRQHandler
                0x08001f34                TIM4_IRQHandler
                0x08001f34                I2C1_EV_IRQHandler
                0x08001f34                DMA1_Stream6_IRQHandler
                0x08001f34                DMA1_Stream1_IRQHandler
                0x08001f34                TIM3_IRQHandler
                0x08001f34                RCC_IRQHandler
                0x08001f34                Default_Handler
                0x08001f34                EXTI15_10_IRQHandler
                0x08001f34                ADC_IRQHandler
                0x08001f34                DMA1_Stream7_IRQHandler
                0x08001f34                TIM5_IRQHandler
                0x08001f34                DMA2_Stream7_IRQHandler
                0x08001f34                I2C3_EV_IRQHandler
                0x08001f34                EXTI9_5_IRQHandler
                0x08001f34                SPI2_IRQHandler
                0x08001f34                MemManage_Handler
                0x08001f34                DMA1_Stream0_IRQHandler
                0x08001f34                SVC_Handler
                0x08001f34                EXTI22_RTC_WKUP_IRQHandler
                0x08001f34                EXTI16_PVD_IRQHandler
                0x08001f34                TIM1_TRG_COM_TIM11_IRQHandler
                0x08001f34                EXTI1_IRQHandler
                0x08001f34                EXTI17_RTC_Alarm_IRQHandler
                0x08001f34                I2C2_ER_IRQHandler
                0x08001f34                DMA2_Stream1_IRQHandler
                0x08001f34                FLASH_IRQHandler
                0x08001f34                DMA2_Stream4_IRQHandler
                0x08001f34                BusFault_Handler
                0x08001f34                USART1_IRQHandler
                0x08001f34                OTG_FS_IRQHandler
                0x08001f34                SPI3_IRQHandler
                0x08001f34                DMA1_Stream4_IRQHandler
                0x08001f34                I2C1_ER_IRQHandler
                0x08001f34                DMA2_Stream6_IRQHandler
                0x08001f34                DMA1_Stream3_IRQHandler
 *fill*         0x08001f36        0x2 
 .text.SystemInit
                0x08001f38       0x6c C:\Funix\myWorkspace\Target\FinalProject_STM_V1_0_0\SDK_1.0.3_NUCLEO-F401RE\lib_stm\libLibraries.a(system_stm32f4xx.o)
                0x08001f38                SystemInit
 .text.SystemCoreClockUpdate
                0x08001fa4       0xf8 C:\Funix\myWorkspace\Target\FinalProject_STM_V1_0_0\SDK_1.0.3_NUCLEO-F401RE\lib_stm\libLibraries.a(system_stm32f4xx.o)
                0x08001fa4                SystemCoreClockUpdate
 .text.SetSysClock
                0x0800209c       0xa0 C:\Funix\myWorkspace\Target\FinalProject_STM_V1_0_0\SDK_1.0.3_NUCLEO-F401RE\lib_stm\libLibraries.a(system_stm32f4xx.o)
 .text.NVIC_PriorityGroupConfig
                0x0800213c       0x28 C:\Funix\myWorkspace\Target\FinalProject_STM_V1_0_0\SDK_1.0.3_NUCLEO-F401RE\lib_stm\libLibraries.a(misc.o)
                0x0800213c                NVIC_PriorityGroupConfig
 .text.NVIC_Init
                0x08002164       0xc4 C:\Funix\myWorkspace\Target\FinalProject_STM_V1_0_0\SDK_1.0.3_NUCLEO-F401RE\lib_stm\libLibraries.a(misc.o)
                0x08002164                NVIC_Init
 .text.EXTI_Init
                0x08002228       0xe4 C:\Funix\myWorkspace\Target\FinalProject_STM_V1_0_0\SDK_1.0.3_NUCLEO-F401RE\lib_stm\libLibraries.a(stm32f401re_exti.o)
                0x08002228                EXTI_Init
 .text.EXTI_ClearITPendingBit
                0x0800230c       0x20 C:\Funix\myWorkspace\Target\FinalProject_STM_V1_0_0\SDK_1.0.3_NUCLEO-F401RE\lib_stm\libLibraries.a(stm32f401re_exti.o)
                0x0800230c                EXTI_ClearITPendingBit
 .text.GPIO_Init
                0x0800232c      0x11c C:\Funix\myWorkspace\Target\FinalProject_STM_V1_0_0\SDK_1.0.3_NUCLEO-F401RE\lib_stm\libLibraries.a(stm32f401re_gpio.o)
                0x0800232c                GPIO_Init
 .text.GPIO_ReadInputDataBit
                0x08002448       0x34 C:\Funix\myWorkspace\Target\FinalProject_STM_V1_0_0\SDK_1.0.3_NUCLEO-F401RE\lib_stm\libLibraries.a(stm32f401re_gpio.o)
                0x08002448                GPIO_ReadInputDataBit
 .text.GPIO_WriteBit
                0x0800247c       0x30 C:\Funix\myWorkspace\Target\FinalProject_STM_V1_0_0\SDK_1.0.3_NUCLEO-F401RE\lib_stm\libLibraries.a(stm32f401re_gpio.o)
                0x0800247c                GPIO_WriteBit
 .text.GPIO_PinAFConfig
                0x080024ac       0x92 C:\Funix\myWorkspace\Target\FinalProject_STM_V1_0_0\SDK_1.0.3_NUCLEO-F401RE\lib_stm\libLibraries.a(stm32f401re_gpio.o)
                0x080024ac                GPIO_PinAFConfig
 *fill*         0x0800253e        0x2 
 .text.RCC_GetClocksFreq
                0x08002540      0x150 C:\Funix\myWorkspace\Target\FinalProject_STM_V1_0_0\SDK_1.0.3_NUCLEO-F401RE\lib_stm\libLibraries.a(stm32f401re_rcc.o)
                0x08002540                RCC_GetClocksFreq
 .text.RCC_AHB1PeriphClockCmd
                0x08002690       0x40 C:\Funix\myWorkspace\Target\FinalProject_STM_V1_0_0\SDK_1.0.3_NUCLEO-F401RE\lib_stm\libLibraries.a(stm32f401re_rcc.o)
                0x08002690                RCC_AHB1PeriphClockCmd
 .text.RCC_APB1PeriphClockCmd
                0x080026d0       0x40 C:\Funix\myWorkspace\Target\FinalProject_STM_V1_0_0\SDK_1.0.3_NUCLEO-F401RE\lib_stm\libLibraries.a(stm32f401re_rcc.o)
                0x080026d0                RCC_APB1PeriphClockCmd
 .text.RCC_APB2PeriphClockCmd
                0x08002710       0x40 C:\Funix\myWorkspace\Target\FinalProject_STM_V1_0_0\SDK_1.0.3_NUCLEO-F401RE\lib_stm\libLibraries.a(stm32f401re_rcc.o)
                0x08002710                RCC_APB2PeriphClockCmd
 .text.SYSCFG_EXTILineConfig
                0x08002750       0x84 C:\Funix\myWorkspace\Target\FinalProject_STM_V1_0_0\SDK_1.0.3_NUCLEO-F401RE\lib_stm\libLibraries.a(stm32f401re_syscfg.o)
                0x08002750                SYSCFG_EXTILineConfig
 .text.TIM_TimeBaseInit
                0x080027d4       0xd8 C:\Funix\myWorkspace\Target\FinalProject_STM_V1_0_0\SDK_1.0.3_NUCLEO-F401RE\lib_stm\libLibraries.a(stm32f401re_tim.o)
                0x080027d4                TIM_TimeBaseInit
 .text.TIM_SetCounter
                0x080028ac       0x1c C:\Funix\myWorkspace\Target\FinalProject_STM_V1_0_0\SDK_1.0.3_NUCLEO-F401RE\lib_stm\libLibraries.a(stm32f401re_tim.o)
                0x080028ac                TIM_SetCounter
 .text.TIM_Cmd  0x080028c8       0x40 C:\Funix\myWorkspace\Target\FinalProject_STM_V1_0_0\SDK_1.0.3_NUCLEO-F401RE\lib_stm\libLibraries.a(stm32f401re_tim.o)
                0x080028c8                TIM_Cmd
 .text.TIM_ITConfig
                0x08002908       0x48 C:\Funix\myWorkspace\Target\FinalProject_STM_V1_0_0\SDK_1.0.3_NUCLEO-F401RE\lib_stm\libLibraries.a(stm32f401re_tim.o)
                0x08002908                TIM_ITConfig
 .text.TIM_ClearFlag
                0x08002950       0x22 C:\Funix\myWorkspace\Target\FinalProject_STM_V1_0_0\SDK_1.0.3_NUCLEO-F401RE\lib_stm\libLibraries.a(stm32f401re_tim.o)
                0x08002950                TIM_ClearFlag
 *fill*         0x08002972        0x2 
 .text.USART_Init
                0x08002974      0x174 C:\Funix\myWorkspace\Target\FinalProject_STM_V1_0_0\SDK_1.0.3_NUCLEO-F401RE\lib_stm\libLibraries.a(stm32f401re_usart.o)
                0x08002974                USART_Init
 .text.USART_Cmd
                0x08002ae8       0x40 C:\Funix\myWorkspace\Target\FinalProject_STM_V1_0_0\SDK_1.0.3_NUCLEO-F401RE\lib_stm\libLibraries.a(stm32f401re_usart.o)
                0x08002ae8                USART_Cmd
 .text.USART_SendData
                0x08002b28       0x24 C:\Funix\myWorkspace\Target\FinalProject_STM_V1_0_0\SDK_1.0.3_NUCLEO-F401RE\lib_stm\libLibraries.a(stm32f401re_usart.o)
                0x08002b28                USART_SendData
 .text.USART_ReceiveData
                0x08002b4c       0x20 C:\Funix\myWorkspace\Target\FinalProject_STM_V1_0_0\SDK_1.0.3_NUCLEO-F401RE\lib_stm\libLibraries.a(stm32f401re_usart.o)
                0x08002b4c                USART_ReceiveData
 .text.USART_ITConfig
                0x08002b6c       0x90 C:\Funix\myWorkspace\Target\FinalProject_STM_V1_0_0\SDK_1.0.3_NUCLEO-F401RE\lib_stm\libLibraries.a(stm32f401re_usart.o)
                0x08002b6c                USART_ITConfig
 .text.USART_GetFlagStatus
                0x08002bfc       0x38 C:\Funix\myWorkspace\Target\FinalProject_STM_V1_0_0\SDK_1.0.3_NUCLEO-F401RE\lib_stm\libLibraries.a(stm32f401re_usart.o)
                0x08002bfc                USART_GetFlagStatus
 .text.USART_GetITStatus
                0x08002c34       0xb6 C:\Funix\myWorkspace\Target\FinalProject_STM_V1_0_0\SDK_1.0.3_NUCLEO-F401RE\lib_stm\libLibraries.a(stm32f401re_usart.o)
                0x08002c34                USART_GetITStatus
 .text.USART_ClearITPendingBit
                0x08002cea       0x3a C:\Funix\myWorkspace\Target\FinalProject_STM_V1_0_0\SDK_1.0.3_NUCLEO-F401RE\lib_stm\libLibraries.a(stm32f401re_usart.o)
                0x08002cea                USART_ClearITPendingBit
 .text.Button_GetLogicInputPin
                0x08002d24       0x3c C:\Funix\myWorkspace\Target\FinalProject_STM_V1_0_0\SDK_1.0.3_NUCLEO-F401RE\lib_stm\libLibraries.a(button.o)
                0x08002d24                Button_GetLogicInputPin
 .text.NVIC_SetPriority
                0x08002d60       0x54 C:\Funix\myWorkspace\Target\FinalProject_STM_V1_0_0\SDK_1.0.3_NUCLEO-F401RE\lib_stm\libLibraries.a(timer.o)
 .text.SysTick_Config
                0x08002db4       0x44 C:\Funix\myWorkspace\Target\FinalProject_STM_V1_0_0\SDK_1.0.3_NUCLEO-F401RE\lib_stm\libLibraries.a(timer.o)
 .text.TimerInit
                0x08002df8       0x44 C:\Funix\myWorkspace\Target\FinalProject_STM_V1_0_0\SDK_1.0.3_NUCLEO-F401RE\lib_stm\libLibraries.a(timer.o)
                0x08002df8                TimerInit
 .text.TimerStart
                0x08002e3c       0xc4 C:\Funix\myWorkspace\Target\FinalProject_STM_V1_0_0\SDK_1.0.3_NUCLEO-F401RE\lib_stm\libLibraries.a(timer.o)
                0x08002e3c                TimerStart
 .text.TimerStop
                0x08002f00       0xa0 C:\Funix\myWorkspace\Target\FinalProject_STM_V1_0_0\SDK_1.0.3_NUCLEO-F401RE\lib_stm\libLibraries.a(timer.o)
                0x08002f00                TimerStop
 .text.GetMilSecTick
                0x08002fa0       0x18 C:\Funix\myWorkspace\Target\FinalProject_STM_V1_0_0\SDK_1.0.3_NUCLEO-F401RE\lib_stm\libLibraries.a(timer.o)
                0x08002fa0                GetMilSecTick
 .text.processTimerScheduler
                0x08002fb8       0xf0 C:\Funix\myWorkspace\Target\FinalProject_STM_V1_0_0\SDK_1.0.3_NUCLEO-F401RE\lib_stm\libLibraries.a(timer.o)
                0x08002fb8                processTimerScheduler
 .text.TimeExpired
                0x080030a8       0xcc C:\Funix\myWorkspace\Target\FinalProject_STM_V1_0_0\SDK_1.0.3_NUCLEO-F401RE\lib_stm\libLibraries.a(timer.o)
 .text.SysTick_Handler
                0x08003174       0x1c C:\Funix\myWorkspace\Target\FinalProject_STM_V1_0_0\SDK_1.0.3_NUCLEO-F401RE\lib_stm\libLibraries.a(timer.o)
                0x08003174                SysTick_Handler
 .text.delayMicroseconds
                0x08003190       0x14 C:\Funix\myWorkspace\Target\FinalProject_STM_V1_0_0\SDK_1.0.3_NUCLEO-F401RE\lib_stm\libLibraries.a(Ucglib.o)
 .text.ucg_gpio_init
                0x080031a4       0x60 C:\Funix\myWorkspace\Target\FinalProject_STM_V1_0_0\SDK_1.0.3_NUCLEO-F401RE\lib_stm\libLibraries.a(Ucglib.o)
 .text.ucg_com_arduino_send_generic_SW_SPI
                0x08003204       0x74 C:\Funix\myWorkspace\Target\FinalProject_STM_V1_0_0\SDK_1.0.3_NUCLEO-F401RE\lib_stm\libLibraries.a(Ucglib.o)
 .text.ucg_com_arduino_generic_SW_SPI
                0x08003278      0x1ec C:\Funix\myWorkspace\Target\FinalProject_STM_V1_0_0\SDK_1.0.3_NUCLEO-F401RE\lib_stm\libLibraries.a(Ucglib.o)
 .text.Ucglib4WireSWSPI_begin
                0x08003464       0x38 C:\Funix\myWorkspace\Target\FinalProject_STM_V1_0_0\SDK_1.0.3_NUCLEO-F401RE\lib_stm\libLibraries.a(Ucglib.o)
                0x08003464                Ucglib4WireSWSPI_begin
 .text.ucg_DrawBox
                0x0800349c       0x56 C:\Funix\myWorkspace\Target\FinalProject_STM_V1_0_0\SDK_1.0.3_NUCLEO-F401RE\lib_stm\libLibraries.a(ucg_box.o)
                0x0800349c                ucg_DrawBox
 .text.ucg_ClearScreen
                0x080034f2       0x50 C:\Funix\myWorkspace\Target\FinalProject_STM_V1_0_0\SDK_1.0.3_NUCLEO-F401RE\lib_stm\libLibraries.a(ucg_box.o)
                0x080034f2                ucg_ClearScreen
 .text.ucg_ccs_init
                0x08003542       0xc0 C:\Funix\myWorkspace\Target\FinalProject_STM_V1_0_0\SDK_1.0.3_NUCLEO-F401RE\lib_stm\libLibraries.a(ucg_ccs.o)
                0x08003542                ucg_ccs_init
 .text.ucg_ccs_step
                0x08003602       0x80 C:\Funix\myWorkspace\Target\FinalProject_STM_V1_0_0\SDK_1.0.3_NUCLEO-F401RE\lib_stm\libLibraries.a(ucg_ccs.o)
                0x08003602                ucg_ccs_step
 .text.ucg_ccs_seek
                0x08003682       0xca C:\Funix\myWorkspace\Target\FinalProject_STM_V1_0_0\SDK_1.0.3_NUCLEO-F401RE\lib_stm\libLibraries.a(ucg_ccs.o)
                0x08003682                ucg_ccs_seek
 .text.ucg_dev_default_cb
                0x0800374c       0x44 C:\Funix\myWorkspace\Target\FinalProject_STM_V1_0_0\SDK_1.0.3_NUCLEO-F401RE\lib_stm\libLibraries.a(ucg_dev_default_cb.o)
                0x0800374c                ucg_dev_default_cb
 .text.ucg_ext_none
                0x08003790       0x1c C:\Funix\myWorkspace\Target\FinalProject_STM_V1_0_0\SDK_1.0.3_NUCLEO-F401RE\lib_stm\libLibraries.a(ucg_dev_default_cb.o)
                0x08003790                ucg_ext_none
 .text.ucg_handle_st7735_l90fx
                0x080037ac       0xd8 C:\Funix\myWorkspace\Target\FinalProject_STM_V1_0_0\SDK_1.0.3_NUCLEO-F401RE\lib_stm\libLibraries.a(ucg_dev_ic_st7735.o)
                0x080037ac                ucg_handle_st7735_l90fx
 .text.ucg_handle_st7735_l90se
                0x08003884      0x154 C:\Funix\myWorkspace\Target\FinalProject_STM_V1_0_0\SDK_1.0.3_NUCLEO-F401RE\lib_stm\libLibraries.a(ucg_dev_ic_st7735.o)
                0x08003884                ucg_handle_st7735_l90se
 .text.ucg_dev_ic_st7735_18
                0x080039d8       0xf8 C:\Funix\myWorkspace\Target\FinalProject_STM_V1_0_0\SDK_1.0.3_NUCLEO-F401RE\lib_stm\libLibraries.a(ucg_dev_ic_st7735.o)
                0x080039d8                ucg_dev_ic_st7735_18
 .text.ucg_ext_st7735_18
                0x08003ad0       0x28 C:\Funix\myWorkspace\Target\FinalProject_STM_V1_0_0\SDK_1.0.3_NUCLEO-F401RE\lib_stm\libLibraries.a(ucg_dev_ic_st7735.o)
                0x08003ad0                ucg_ext_st7735_18
 .text.ucg_PowerDown
                0x08003af8       0x34 C:\Funix\myWorkspace\Target\FinalProject_STM_V1_0_0\SDK_1.0.3_NUCLEO-F401RE\lib_stm\libLibraries.a(ucg_dev_msg_api.o)
                0x08003af8                ucg_PowerDown
 .text.ucg_PowerUp
                0x08003b2c       0x3c C:\Funix\myWorkspace\Target\FinalProject_STM_V1_0_0\SDK_1.0.3_NUCLEO-F401RE\lib_stm\libLibraries.a(ucg_dev_msg_api.o)
                0x08003b2c                ucg_PowerUp
 .text.ucg_SetClipBox
                0x08003b68       0x1e C:\Funix\myWorkspace\Target\FinalProject_STM_V1_0_0\SDK_1.0.3_NUCLEO-F401RE\lib_stm\libLibraries.a(ucg_dev_msg_api.o)
                0x08003b68                ucg_SetClipBox
 .text.ucg_SetMaxClipRange
                0x08003b86       0x30 C:\Funix\myWorkspace\Target\FinalProject_STM_V1_0_0\SDK_1.0.3_NUCLEO-F401RE\lib_stm\libLibraries.a(ucg_dev_msg_api.o)
                0x08003b86                ucg_SetMaxClipRange
 .text.ucg_GetDimension
                0x08003bb6       0x24 C:\Funix\myWorkspace\Target\FinalProject_STM_V1_0_0\SDK_1.0.3_NUCLEO-F401RE\lib_stm\libLibraries.a(ucg_dev_msg_api.o)
                0x08003bb6                ucg_GetDimension
 .text.ucg_DrawL90FXWithArg
                0x08003bda       0x1e C:\Funix\myWorkspace\Target\FinalProject_STM_V1_0_0\SDK_1.0.3_NUCLEO-F401RE\lib_stm\libLibraries.a(ucg_dev_msg_api.o)
                0x08003bda                ucg_DrawL90FXWithArg
 .text.ucg_dev_st7735_18x128x128
                0x08003bf8       0x80 C:\Funix\myWorkspace\Target\FinalProject_STM_V1_0_0\SDK_1.0.3_NUCLEO-F401RE\lib_stm\libLibraries.a(ucg_dev_tft_128x128_st7735.o)
                0x08003bf8                ucg_dev_st7735_18x128x128
 .text.ucg_font_get_byte
                0x08003c78       0x24 C:\Funix\myWorkspace\Target\FinalProject_STM_V1_0_0\SDK_1.0.3_NUCLEO-F401RE\lib_stm\libLibraries.a(ucg_font.o)
 .text.ucg_font_get_word
                0x08003c9c       0x40 C:\Funix\myWorkspace\Target\FinalProject_STM_V1_0_0\SDK_1.0.3_NUCLEO-F401RE\lib_stm\libLibraries.a(ucg_font.o)
 .text.ucg_read_font_info
                0x08003cdc      0x142 C:\Funix\myWorkspace\Target\FinalProject_STM_V1_0_0\SDK_1.0.3_NUCLEO-F401RE\lib_stm\libLibraries.a(ucg_font.o)
                0x08003cdc                ucg_read_font_info
 .text.ucg_font_decode_get_unsigned_bits
                0x08003e1e       0x96 C:\Funix\myWorkspace\Target\FinalProject_STM_V1_0_0\SDK_1.0.3_NUCLEO-F401RE\lib_stm\libLibraries.a(ucg_font.o)
                0x08003e1e                ucg_font_decode_get_unsigned_bits
 .text.ucg_font_decode_get_signed_bits
                0x08003eb4       0x46 C:\Funix\myWorkspace\Target\FinalProject_STM_V1_0_0\SDK_1.0.3_NUCLEO-F401RE\lib_stm\libLibraries.a(ucg_font.o)
                0x08003eb4                ucg_font_decode_get_signed_bits
 .text.ucg_add_vector_y
                0x08003efa       0x7a C:\Funix\myWorkspace\Target\FinalProject_STM_V1_0_0\SDK_1.0.3_NUCLEO-F401RE\lib_stm\libLibraries.a(ucg_font.o)
 .text.ucg_add_vector_x
                0x08003f74       0x7a C:\Funix\myWorkspace\Target\FinalProject_STM_V1_0_0\SDK_1.0.3_NUCLEO-F401RE\lib_stm\libLibraries.a(ucg_font.o)
 .text.ucg_font_decode_len
                0x08003fee      0x118 C:\Funix\myWorkspace\Target\FinalProject_STM_V1_0_0\SDK_1.0.3_NUCLEO-F401RE\lib_stm\libLibraries.a(ucg_font.o)
                0x08003fee                ucg_font_decode_len
 .text.ucg_font_setup_decode
                0x08004106       0x64 C:\Funix\myWorkspace\Target\FinalProject_STM_V1_0_0\SDK_1.0.3_NUCLEO-F401RE\lib_stm\libLibraries.a(ucg_font.o)
 .text.ucg_font_decode_glyph
                0x0800416a      0x14c C:\Funix\myWorkspace\Target\FinalProject_STM_V1_0_0\SDK_1.0.3_NUCLEO-F401RE\lib_stm\libLibraries.a(ucg_font.o)
                0x0800416a                ucg_font_decode_glyph
 .text.ucg_font_get_glyph_data
                0x080042b6       0x7a C:\Funix\myWorkspace\Target\FinalProject_STM_V1_0_0\SDK_1.0.3_NUCLEO-F401RE\lib_stm\libLibraries.a(ucg_font.o)
                0x080042b6                ucg_font_get_glyph_data
 .text.ucg_font_draw_glyph
                0x08004330       0x62 C:\Funix\myWorkspace\Target\FinalProject_STM_V1_0_0\SDK_1.0.3_NUCLEO-F401RE\lib_stm\libLibraries.a(ucg_font.o)
                0x08004330                ucg_font_draw_glyph
 .text.ucg_SetFontMode
                0x08004392       0x20 C:\Funix\myWorkspace\Target\FinalProject_STM_V1_0_0\SDK_1.0.3_NUCLEO-F401RE\lib_stm\libLibraries.a(ucg_font.o)
                0x08004392                ucg_SetFontMode
 *fill*         0x080043b2        0x2 
 .text.ucg_DrawGlyph
                0x080043b4       0xb0 C:\Funix\myWorkspace\Target\FinalProject_STM_V1_0_0\SDK_1.0.3_NUCLEO-F401RE\lib_stm\libLibraries.a(ucg_font.o)
                0x080043b4                ucg_DrawGlyph
 .text.task_drawString
                0x08004464      0x138 C:\Funix\myWorkspace\Target\FinalProject_STM_V1_0_0\SDK_1.0.3_NUCLEO-F401RE\lib_stm\libLibraries.a(ucg_font.o)
                0x08004464                task_drawString
 .text.ucg_DrawString
                0x0800459c       0x78 C:\Funix\myWorkspace\Target\FinalProject_STM_V1_0_0\SDK_1.0.3_NUCLEO-F401RE\lib_stm\libLibraries.a(ucg_font.o)
                0x0800459c                ucg_DrawString
 .text.ucg_UpdateRefHeight
                0x08004614       0xd8 C:\Funix\myWorkspace\Target\FinalProject_STM_V1_0_0\SDK_1.0.3_NUCLEO-F401RE\lib_stm\libLibraries.a(ucg_font.o)
                0x08004614                ucg_UpdateRefHeight
 .text.ucg_font_calc_vref_font
                0x080046ec       0x16 C:\Funix\myWorkspace\Target\FinalProject_STM_V1_0_0\SDK_1.0.3_NUCLEO-F401RE\lib_stm\libLibraries.a(ucg_font.o)
                0x080046ec                ucg_font_calc_vref_font
 *fill*         0x08004702        0x2 
 .text.ucg_SetFontPosBaseline
                0x08004704       0x20 C:\Funix\myWorkspace\Target\FinalProject_STM_V1_0_0\SDK_1.0.3_NUCLEO-F401RE\lib_stm\libLibraries.a(ucg_font.o)
                0x08004704                ucg_SetFontPosBaseline
 .text.ucg_SetFont
                0x08004724       0x4c C:\Funix\myWorkspace\Target\FinalProject_STM_V1_0_0\SDK_1.0.3_NUCLEO-F401RE\lib_stm\libLibraries.a(ucg_font.o)
                0x08004724                ucg_SetFont
 .text.ucg_init_struct
                0x08004770       0x50 C:\Funix\myWorkspace\Target\FinalProject_STM_V1_0_0\SDK_1.0.3_NUCLEO-F401RE\lib_stm\libLibraries.a(ucg_init.o)
                0x08004770                ucg_init_struct
 .text.ucg_Init
                0x080047c0       0x5c C:\Funix\myWorkspace\Target\FinalProject_STM_V1_0_0\SDK_1.0.3_NUCLEO-F401RE\lib_stm\libLibraries.a(ucg_init.o)
                0x080047c0                ucg_Init
 .text.ucg_Draw90Line
                0x0800481c       0x88 C:\Funix\myWorkspace\Target\FinalProject_STM_V1_0_0\SDK_1.0.3_NUCLEO-F401RE\lib_stm\libLibraries.a(ucg_line.o)
                0x0800481c                ucg_Draw90Line
 .text.ucg_DrawHLine
                0x080048a4       0x3e C:\Funix\myWorkspace\Target\FinalProject_STM_V1_0_0\SDK_1.0.3_NUCLEO-F401RE\lib_stm\libLibraries.a(ucg_line.o)
                0x080048a4                ucg_DrawHLine
 .text.ucg_SetColor
                0x080048e2       0x5c C:\Funix\myWorkspace\Target\FinalProject_STM_V1_0_0\SDK_1.0.3_NUCLEO-F401RE\lib_stm\libLibraries.a(ucg_pixel.o)
                0x080048e2                ucg_SetColor
 .text.ucg_UndoRotate
                0x0800493e       0x32 C:\Funix\myWorkspace\Target\FinalProject_STM_V1_0_0\SDK_1.0.3_NUCLEO-F401RE\lib_stm\libLibraries.a(ucg_rotate.o)
                0x0800493e                ucg_UndoRotate
 .text.ucg_rotate_180_xy
                0x08004970       0x66 C:\Funix\myWorkspace\Target\FinalProject_STM_V1_0_0\SDK_1.0.3_NUCLEO-F401RE\lib_stm\libLibraries.a(ucg_rotate.o)
 *fill*         0x080049d6        0x2 
 .text.ucg_dev_rotate180
                0x080049d8      0x100 C:\Funix\myWorkspace\Target\FinalProject_STM_V1_0_0\SDK_1.0.3_NUCLEO-F401RE\lib_stm\libLibraries.a(ucg_rotate.o)
                0x080049d8                ucg_dev_rotate180
 .text.ucg_SetRotate180
                0x08004ad8       0x34 C:\Funix\myWorkspace\Target\FinalProject_STM_V1_0_0\SDK_1.0.3_NUCLEO-F401RE\lib_stm\libLibraries.a(ucg_rotate.o)
                0x08004ad8                ucg_SetRotate180
 .text.bufInit  0x08004b0c       0x36 C:\Funix\myWorkspace\Target\FinalProject_STM_V1_0_0\SDK_1.0.3_NUCLEO-F401RE\lib_stm\libLibraries.a(buff.o)
                0x08004b0c                bufInit
 .text.bufNumItems
                0x08004b42       0x18 C:\Funix\myWorkspace\Target\FinalProject_STM_V1_0_0\SDK_1.0.3_NUCLEO-F401RE\lib_stm\libLibraries.a(buff.o)
                0x08004b42                bufNumItems
 .text.bufIsFull
                0x08004b5a       0x26 C:\Funix\myWorkspace\Target\FinalProject_STM_V1_0_0\SDK_1.0.3_NUCLEO-F401RE\lib_stm\libLibraries.a(buff.o)
                0x08004b5a                bufIsFull
 .text.bufIsEmpty
                0x08004b80       0x26 C:\Funix\myWorkspace\Target\FinalProject_STM_V1_0_0\SDK_1.0.3_NUCLEO-F401RE\lib_stm\libLibraries.a(buff.o)
                0x08004b80                bufIsEmpty
 .text.bufFlush
                0x08004ba6       0x32 C:\Funix\myWorkspace\Target\FinalProject_STM_V1_0_0\SDK_1.0.3_NUCLEO-F401RE\lib_stm\libLibraries.a(buff.o)
                0x08004ba6                bufFlush
 .text.bufEnDat
                0x08004bd8       0x9c C:\Funix\myWorkspace\Target\FinalProject_STM_V1_0_0\SDK_1.0.3_NUCLEO-F401RE\lib_stm\libLibraries.a(buff.o)
                0x08004bd8                bufEnDat
 .text.bufDeDat
                0x08004c74       0x84 C:\Funix\myWorkspace\Target\FinalProject_STM_V1_0_0\SDK_1.0.3_NUCLEO-F401RE\lib_stm\libLibraries.a(buff.o)
                0x08004c74                bufDeDat
 .text.memsetl  0x08004cf8       0x32 C:\Funix\myWorkspace\Target\FinalProject_STM_V1_0_0\SDK_1.0.3_NUCLEO-F401RE\lib_stm\libLibraries.a(utilities.o)
                0x08004cf8                memsetl
 .text.ucg_clip_is_x_visible
                0x08004d2a       0x4a C:\Funix\myWorkspace\Target\FinalProject_STM_V1_0_0\SDK_1.0.3_NUCLEO-F401RE\lib_stm\libLibraries.a(ucg_clip.o)
 .text.ucg_clip_is_y_visible
                0x08004d74       0x4a C:\Funix\myWorkspace\Target\FinalProject_STM_V1_0_0\SDK_1.0.3_NUCLEO-F401RE\lib_stm\libLibraries.a(ucg_clip.o)
 .text.ucg_clip_intersection
                0x08004dbe       0x74 C:\Funix\myWorkspace\Target\FinalProject_STM_V1_0_0\SDK_1.0.3_NUCLEO-F401RE\lib_stm\libLibraries.a(ucg_clip.o)
 .text.ucg_clip_is_pixel_visible
                0x08004e32       0x32 C:\Funix\myWorkspace\Target\FinalProject_STM_V1_0_0\SDK_1.0.3_NUCLEO-F401RE\lib_stm\libLibraries.a(ucg_clip.o)
                0x08004e32                ucg_clip_is_pixel_visible
 .text.ucg_clip_l90fx
                0x08004e64      0x300 C:\Funix\myWorkspace\Target\FinalProject_STM_V1_0_0\SDK_1.0.3_NUCLEO-F401RE\lib_stm\libLibraries.a(ucg_clip.o)
                0x08004e64                ucg_clip_l90fx
 .text.ucg_clip_l90se
                0x08005164       0x54 C:\Funix\myWorkspace\Target\FinalProject_STM_V1_0_0\SDK_1.0.3_NUCLEO-F401RE\lib_stm\libLibraries.a(ucg_clip.o)
                0x08005164                ucg_clip_l90se
 .text.ucg_com_PowerDown
                0x080051b8       0x3e C:\Funix\myWorkspace\Target\FinalProject_STM_V1_0_0\SDK_1.0.3_NUCLEO-F401RE\lib_stm\libLibraries.a(ucg_com_msg_api.o)
                0x080051b8                ucg_com_PowerDown
 .text.ucg_com_PowerUp
                0x080051f6       0x60 C:\Funix\myWorkspace\Target\FinalProject_STM_V1_0_0\SDK_1.0.3_NUCLEO-F401RE\lib_stm\libLibraries.a(ucg_com_msg_api.o)
                0x080051f6                ucg_com_PowerUp
 .text.ucg_com_SetLineStatus
                0x08005256       0xe2 C:\Funix\myWorkspace\Target\FinalProject_STM_V1_0_0\SDK_1.0.3_NUCLEO-F401RE\lib_stm\libLibraries.a(ucg_com_msg_api.o)
                0x08005256                ucg_com_SetLineStatus
 .text.ucg_com_SetResetLineStatus
                0x08005338       0x20 C:\Funix\myWorkspace\Target\FinalProject_STM_V1_0_0\SDK_1.0.3_NUCLEO-F401RE\lib_stm\libLibraries.a(ucg_com_msg_api.o)
                0x08005338                ucg_com_SetResetLineStatus
 .text.ucg_com_SetCSLineStatus
                0x08005358       0x20 C:\Funix\myWorkspace\Target\FinalProject_STM_V1_0_0\SDK_1.0.3_NUCLEO-F401RE\lib_stm\libLibraries.a(ucg_com_msg_api.o)
                0x08005358                ucg_com_SetCSLineStatus
 .text.ucg_com_SetCDLineStatus
                0x08005378       0x20 C:\Funix\myWorkspace\Target\FinalProject_STM_V1_0_0\SDK_1.0.3_NUCLEO-F401RE\lib_stm\libLibraries.a(ucg_com_msg_api.o)
                0x08005378                ucg_com_SetCDLineStatus
 .text.ucg_com_DelayMicroseconds
                0x08005398       0x22 C:\Funix\myWorkspace\Target\FinalProject_STM_V1_0_0\SDK_1.0.3_NUCLEO-F401RE\lib_stm\libLibraries.a(ucg_com_msg_api.o)
                0x08005398                ucg_com_DelayMicroseconds
 .text.ucg_com_DelayMilliseconds
                0x080053ba       0x2c C:\Funix\myWorkspace\Target\FinalProject_STM_V1_0_0\SDK_1.0.3_NUCLEO-F401RE\lib_stm\libLibraries.a(ucg_com_msg_api.o)
                0x080053ba                ucg_com_DelayMilliseconds
 .text.ucg_com_SendByte
                0x080053e6       0x24 C:\Funix\myWorkspace\Target\FinalProject_STM_V1_0_0\SDK_1.0.3_NUCLEO-F401RE\lib_stm\libLibraries.a(ucg_com_msg_api.o)
                0x080053e6                ucg_com_SendByte
 .text.ucg_com_SendStringP
                0x0800540a       0x40 C:\Funix\myWorkspace\Target\FinalProject_STM_V1_0_0\SDK_1.0.3_NUCLEO-F401RE\lib_stm\libLibraries.a(ucg_com_msg_api.o)
                0x0800540a                ucg_com_SendStringP
 .text.ucg_com_SendCmdArg
                0x0800544a       0x74 C:\Funix\myWorkspace\Target\FinalProject_STM_V1_0_0\SDK_1.0.3_NUCLEO-F401RE\lib_stm\libLibraries.a(ucg_com_msg_api.o)
 *fill*         0x080054be        0x2 
 .text.ucg_com_SendCmdSeq
                0x080054c0      0x278 C:\Funix\myWorkspace\Target\FinalProject_STM_V1_0_0\SDK_1.0.3_NUCLEO-F401RE\lib_stm\libLibraries.a(ucg_com_msg_api.o)
                0x080054c0                ucg_com_SendCmdSeq
 .text.sprintf  0x08005738       0x40 C:/ST/STM32CubeIDE_1.15.1/STM32CubeIDE/plugins/com.st.stm32cube.ide.mcu.externaltools.gnu-tools-for-stm32.12.3.rel1.win32_1.0.100.202403111256/tools/bin/../lib/gcc/arm-none-eabi/12.3.1/../../../../arm-none-eabi/lib/thumb/v7e-m+fp/hard\libc_nano.a(libc_a-sprintf.o)
                0x08005738                siprintf
                0x08005738                sprintf
 .text.memset   0x08005778       0x10 C:/ST/STM32CubeIDE_1.15.1/STM32CubeIDE/plugins/com.st.stm32cube.ide.mcu.externaltools.gnu-tools-for-stm32.12.3.rel1.win32_1.0.100.202403111256/tools/bin/../lib/gcc/arm-none-eabi/12.3.1/../../../../arm-none-eabi/lib/thumb/v7e-m+fp/hard\libc_nano.a(libc_a-memset.o)
                0x08005778                memset
 .text.__errno  0x08005788        0xc C:/ST/STM32CubeIDE_1.15.1/STM32CubeIDE/plugins/com.st.stm32cube.ide.mcu.externaltools.gnu-tools-for-stm32.12.3.rel1.win32_1.0.100.202403111256/tools/bin/../lib/gcc/arm-none-eabi/12.3.1/../../../../arm-none-eabi/lib/thumb/v7e-m+fp/hard\libc_nano.a(libc_a-errno.o)
                0x08005788                __errno
 .text.__libc_init_array
                0x08005794       0x48 C:/ST/STM32CubeIDE_1.15.1/STM32CubeIDE/plugins/com.st.stm32cube.ide.mcu.externaltools.gnu-tools-for-stm32.12.3.rel1.win32_1.0.100.202403111256/tools/bin/../lib/gcc/arm-none-eabi/12.3.1/../../../../arm-none-eabi/lib/thumb/v7e-m+fp/hard\libc_nano.a(libc_a-init.o)
                0x08005794                __libc_init_array
 .text.__retarget_lock_acquire_recursive
                0x080057dc        0x2 C:/ST/STM32CubeIDE_1.15.1/STM32CubeIDE/plugins/com.st.stm32cube.ide.mcu.externaltools.gnu-tools-for-stm32.12.3.rel1.win32_1.0.100.202403111256/tools/bin/../lib/gcc/arm-none-eabi/12.3.1/../../../../arm-none-eabi/lib/thumb/v7e-m+fp/hard\libc_nano.a(libc_a-lock.o)
                0x080057dc                __retarget_lock_acquire_recursive
 .text.__retarget_lock_release_recursive
                0x080057de        0x2 C:/ST/STM32CubeIDE_1.15.1/STM32CubeIDE/plugins/com.st.stm32cube.ide.mcu.externaltools.gnu-tools-for-stm32.12.3.rel1.win32_1.0.100.202403111256/tools/bin/../lib/gcc/arm-none-eabi/12.3.1/../../../../arm-none-eabi/lib/thumb/v7e-m+fp/hard\libc_nano.a(libc_a-lock.o)
                0x080057de                __retarget_lock_release_recursive
 .text._free_r  0x080057e0       0x94 C:/ST/STM32CubeIDE_1.15.1/STM32CubeIDE/plugins/com.st.stm32cube.ide.mcu.externaltools.gnu-tools-for-stm32.12.3.rel1.win32_1.0.100.202403111256/tools/bin/../lib/gcc/arm-none-eabi/12.3.1/../../../../arm-none-eabi/lib/thumb/v7e-m+fp/hard\libc_nano.a(libc_a-freer.o)
                0x080057e0                _free_r
 .text.sbrk_aligned
                0x08005874       0x44 C:/ST/STM32CubeIDE_1.15.1/STM32CubeIDE/plugins/com.st.stm32cube.ide.mcu.externaltools.gnu-tools-for-stm32.12.3.rel1.win32_1.0.100.202403111256/tools/bin/../lib/gcc/arm-none-eabi/12.3.1/../../../../arm-none-eabi/lib/thumb/v7e-m+fp/hard\libc_nano.a(libc_a-mallocr.o)
 .text._malloc_r
                0x080058b8      0x100 C:/ST/STM32CubeIDE_1.15.1/STM32CubeIDE/plugins/com.st.stm32cube.ide.mcu.externaltools.gnu-tools-for-stm32.12.3.rel1.win32_1.0.100.202403111256/tools/bin/../lib/gcc/arm-none-eabi/12.3.1/../../../../arm-none-eabi/lib/thumb/v7e-m+fp/hard\libc_nano.a(libc_a-mallocr.o)
                0x080058b8                _malloc_r
 .text.__malloc_lock
                0x080059b8        0xc C:/ST/STM32CubeIDE_1.15.1/STM32CubeIDE/plugins/com.st.stm32cube.ide.mcu.externaltools.gnu-tools-for-stm32.12.3.rel1.win32_1.0.100.202403111256/tools/bin/../lib/gcc/arm-none-eabi/12.3.1/../../../../arm-none-eabi/lib/thumb/v7e-m+fp/hard\libc_nano.a(libc_a-mlock.o)
                0x080059b8                __malloc_lock
 .text.__malloc_unlock
                0x080059c4        0xc C:/ST/STM32CubeIDE_1.15.1/STM32CubeIDE/plugins/com.st.stm32cube.ide.mcu.externaltools.gnu-tools-for-stm32.12.3.rel1.win32_1.0.100.202403111256/tools/bin/../lib/gcc/arm-none-eabi/12.3.1/../../../../arm-none-eabi/lib/thumb/v7e-m+fp/hard\libc_nano.a(libc_a-mlock.o)
                0x080059c4                __malloc_unlock
 .text.__ssputs_r
                0x080059d0       0xb6 C:/ST/STM32CubeIDE_1.15.1/STM32CubeIDE/plugins/com.st.stm32cube.ide.mcu.externaltools.gnu-tools-for-stm32.12.3.rel1.win32_1.0.100.202403111256/tools/bin/../lib/gcc/arm-none-eabi/12.3.1/../../../../arm-none-eabi/lib/thumb/v7e-m+fp/hard\libc_nano.a(libc_a-nano-svfprintf.o)
                0x080059d0                __ssputs_r
 *fill*         0x08005a86        0x2 
 .text._svfprintf_r
                0x08005a88      0x1f8 C:/ST/STM32CubeIDE_1.15.1/STM32CubeIDE/plugins/com.st.stm32cube.ide.mcu.externaltools.gnu-tools-for-stm32.12.3.rel1.win32_1.0.100.202403111256/tools/bin/../lib/gcc/arm-none-eabi/12.3.1/../../../../arm-none-eabi/lib/thumb/v7e-m+fp/hard\libc_nano.a(libc_a-nano-svfprintf.o)
                0x08005a88                _svfiprintf_r
                0x08005a88                _svfprintf_r
 .text._printf_common
                0x08005c80       0xda C:/ST/STM32CubeIDE_1.15.1/STM32CubeIDE/plugins/com.st.stm32cube.ide.mcu.externaltools.gnu-tools-for-stm32.12.3.rel1.win32_1.0.100.202403111256/tools/bin/../lib/gcc/arm-none-eabi/12.3.1/../../../../arm-none-eabi/lib/thumb/v7e-m+fp/hard\libc_nano.a(libc_a-nano-vfprintf_i.o)
                0x08005c80                _printf_common
 *fill*         0x08005d5a        0x2 
 .text._printf_i
                0x08005d5c      0x240 C:/ST/STM32CubeIDE_1.15.1/STM32CubeIDE/plugins/com.st.stm32cube.ide.mcu.externaltools.gnu-tools-for-stm32.12.3.rel1.win32_1.0.100.202403111256/tools/bin/../lib/gcc/arm-none-eabi/12.3.1/../../../../arm-none-eabi/lib/thumb/v7e-m+fp/hard\libc_nano.a(libc_a-nano-vfprintf_i.o)
                0x08005d5c                _printf_i
 .text.memmove  0x08005f9c       0x34 C:/ST/STM32CubeIDE_1.15.1/STM32CubeIDE/plugins/com.st.stm32cube.ide.mcu.externaltools.gnu-tools-for-stm32.12.3.rel1.win32_1.0.100.202403111256/tools/bin/../lib/gcc/arm-none-eabi/12.3.1/../../../../arm-none-eabi/lib/thumb/v7e-m+fp/hard\libc_nano.a(libc_a-memmove.o)
                0x08005f9c                memmove
 .text._sbrk_r  0x08005fd0       0x20 C:/ST/STM32CubeIDE_1.15.1/STM32CubeIDE/plugins/com.st.stm32cube.ide.mcu.externaltools.gnu-tools-for-stm32.12.3.rel1.win32_1.0.100.202403111256/tools/bin/../lib/gcc/arm-none-eabi/12.3.1/../../../../arm-none-eabi/lib/thumb/v7e-m+fp/hard\libc_nano.a(libc_a-sbrkr.o)
                0x08005fd0                _sbrk_r
 .text.memcpy   0x08005ff0       0x1c C:/ST/STM32CubeIDE_1.15.1/STM32CubeIDE/plugins/com.st.stm32cube.ide.mcu.externaltools.gnu-tools-for-stm32.12.3.rel1.win32_1.0.100.202403111256/tools/bin/../lib/gcc/arm-none-eabi/12.3.1/../../../../arm-none-eabi/lib/thumb/v7e-m+fp/hard\libc_nano.a(libc_a-memcpy-stub.o)
                0x08005ff0                memcpy
 .text._realloc_r
                0x0800600c       0x5c C:/ST/STM32CubeIDE_1.15.1/STM32CubeIDE/plugins/com.st.stm32cube.ide.mcu.externaltools.gnu-tools-for-stm32.12.3.rel1.win32_1.0.100.202403111256/tools/bin/../lib/gcc/arm-none-eabi/12.3.1/../../../../arm-none-eabi/lib/thumb/v7e-m+fp/hard\libc_nano.a(libc_a-reallocr.o)
                0x0800600c                _realloc_r
 .text._malloc_usable_size_r
                0x08006068       0x10 C:/ST/STM32CubeIDE_1.15.1/STM32CubeIDE/plugins/com.st.stm32cube.ide.mcu.externaltools.gnu-tools-for-stm32.12.3.rel1.win32_1.0.100.202403111256/tools/bin/../lib/gcc/arm-none-eabi/12.3.1/../../../../arm-none-eabi/lib/thumb/v7e-m+fp/hard\libc_nano.a(libc_a-msizer.o)
                0x08006068                _malloc_usable_size_r
 *(.glue_7)
 .glue_7        0x08006078        0x0 linker stubs
 *(.glue_7t)
 .glue_7t       0x08006078        0x0 linker stubs
 *(.eh_frame)
 .eh_frame      0x08006078        0x0 C:/ST/STM32CubeIDE_1.15.1/STM32CubeIDE/plugins/com.st.stm32cube.ide.mcu.externaltools.gnu-tools-for-stm32.12.3.rel1.win32_1.0.100.202403111256/tools/bin/../lib/gcc/arm-none-eabi/12.3.1/thumb/v7e-m+fp/hard/crtbegin.o
 *(.init)
 .init          0x08006078        0x4 C:/ST/STM32CubeIDE_1.15.1/STM32CubeIDE/plugins/com.st.stm32cube.ide.mcu.externaltools.gnu-tools-for-stm32.12.3.rel1.win32_1.0.100.202403111256/tools/bin/../lib/gcc/arm-none-eabi/12.3.1/thumb/v7e-m+fp/hard/crti.o
                0x08006078                _init
 .init          0x0800607c        0x8 C:/ST/STM32CubeIDE_1.15.1/STM32CubeIDE/plugins/com.st.stm32cube.ide.mcu.externaltools.gnu-tools-for-stm32.12.3.rel1.win32_1.0.100.202403111256/tools/bin/../lib/gcc/arm-none-eabi/12.3.1/thumb/v7e-m+fp/hard/crtn.o
 *(.fini)
 .fini          0x08006084        0x4 C:/ST/STM32CubeIDE_1.15.1/STM32CubeIDE/plugins/com.st.stm32cube.ide.mcu.externaltools.gnu-tools-for-stm32.12.3.rel1.win32_1.0.100.202403111256/tools/bin/../lib/gcc/arm-none-eabi/12.3.1/thumb/v7e-m+fp/hard/crti.o
                0x08006084                _fini
 .fini          0x08006088        0x8 C:/ST/STM32CubeIDE_1.15.1/STM32CubeIDE/plugins/com.st.stm32cube.ide.mcu.externaltools.gnu-tools-for-stm32.12.3.rel1.win32_1.0.100.202403111256/tools/bin/../lib/gcc/arm-none-eabi/12.3.1/thumb/v7e-m+fp/hard/crtn.o
                0x08006090                        . = ALIGN (0x4)
                0x08006090                        _etext = .

.vfp11_veneer   0x08006090        0x0
 .vfp11_veneer  0x08006090        0x0 linker stubs

.v4_bx          0x08006090        0x0
 .v4_bx         0x08006090        0x0 linker stubs

.iplt           0x08006090        0x0
 .iplt          0x08006090        0x0 C:/ST/STM32CubeIDE_1.15.1/STM32CubeIDE/plugins/com.st.stm32cube.ide.mcu.externaltools.gnu-tools-for-stm32.12.3.rel1.win32_1.0.100.202403111256/tools/bin/../lib/gcc/arm-none-eabi/12.3.1/thumb/v7e-m+fp/hard/crtbegin.o

.rodata         0x08006090      0xb34
                0x08006090                        . = ALIGN (0x4)
 *(.rodata)
 .rodata        0x08006090      0x2db ./Src/main.o
 *fill*         0x0800636b        0x1 
 .rodata        0x0800636c        0xf C:\Funix\myWorkspace\Target\FinalProject_STM_V1_0_0\SDK_1.0.3_NUCLEO-F401RE\lib_stm\libLibraries.a(ucg_font.o)
 *(.rodata*)
 *fill*         0x0800637b        0x1 
 .rodata.ucg_st7735_set_pos_seq
                0x0800637c       0x1e C:\Funix\myWorkspace\Target\FinalProject_STM_V1_0_0\SDK_1.0.3_NUCLEO-F401RE\lib_stm\libLibraries.a(ucg_dev_ic_st7735.o)
                0x0800637c                ucg_st7735_set_pos_seq
 *fill*         0x0800639a        0x2 
 .rodata.ucg_st7735_set_pos_dir0_seq
                0x0800639c       0x1e C:\Funix\myWorkspace\Target\FinalProject_STM_V1_0_0\SDK_1.0.3_NUCLEO-F401RE\lib_stm\libLibraries.a(ucg_dev_ic_st7735.o)
                0x0800639c                ucg_st7735_set_pos_dir0_seq
 *fill*         0x080063ba        0x2 
 .rodata.ucg_st7735_set_pos_dir1_seq
                0x080063bc       0x21 C:\Funix\myWorkspace\Target\FinalProject_STM_V1_0_0\SDK_1.0.3_NUCLEO-F401RE\lib_stm\libLibraries.a(ucg_dev_ic_st7735.o)
                0x080063bc                ucg_st7735_set_pos_dir1_seq
 *fill*         0x080063dd        0x3 
 .rodata.ucg_st7735_set_pos_dir2_seq
                0x080063e0       0x21 C:\Funix\myWorkspace\Target\FinalProject_STM_V1_0_0\SDK_1.0.3_NUCLEO-F401RE\lib_stm\libLibraries.a(ucg_dev_ic_st7735.o)
                0x080063e0                ucg_st7735_set_pos_dir2_seq
 *fill*         0x08006401        0x3 
 .rodata.ucg_st7735_set_pos_dir3_seq
                0x08006404       0x24 C:\Funix\myWorkspace\Target\FinalProject_STM_V1_0_0\SDK_1.0.3_NUCLEO-F401RE\lib_stm\libLibraries.a(ucg_dev_ic_st7735.o)
                0x08006404                ucg_st7735_set_pos_dir3_seq
 .rodata.ucg_st7735_power_down_seq
                0x08006428        0x7 C:\Funix\myWorkspace\Target\FinalProject_STM_V1_0_0\SDK_1.0.3_NUCLEO-F401RE\lib_stm\libLibraries.a(ucg_dev_ic_st7735.o)
 *fill*         0x0800642f        0x1 
 .rodata.ucg_tft_128x160_st7735_init_seq
                0x08006430       0x2c C:\Funix\myWorkspace\Target\FinalProject_STM_V1_0_0\SDK_1.0.3_NUCLEO-F401RE\lib_stm\libLibraries.a(ucg_dev_tft_128x128_st7735.o)
 .rodata.ucg_font_ncenB10_hr
                0x0800645c      0x732 C:\Funix\myWorkspace\Target\FinalProject_STM_V1_0_0\SDK_1.0.3_NUCLEO-F401RE\lib_stm\libLibraries.a(ucg_pixel_font_data.o)
                0x0800645c                ucg_font_ncenB10_hr
 .rodata._svfprintf_r.str1.1
                0x08006b8e       0x11 C:/ST/STM32CubeIDE_1.15.1/STM32CubeIDE/plugins/com.st.stm32cube.ide.mcu.externaltools.gnu-tools-for-stm32.12.3.rel1.win32_1.0.100.202403111256/tools/bin/../lib/gcc/arm-none-eabi/12.3.1/../../../../arm-none-eabi/lib/thumb/v7e-m+fp/hard\libc_nano.a(libc_a-nano-svfprintf.o)
 .rodata._printf_i.str1.1
                0x08006b9f       0x22 C:/ST/STM32CubeIDE_1.15.1/STM32CubeIDE/plugins/com.st.stm32cube.ide.mcu.externaltools.gnu-tools-for-stm32.12.3.rel1.win32_1.0.100.202403111256/tools/bin/../lib/gcc/arm-none-eabi/12.3.1/../../../../arm-none-eabi/lib/thumb/v7e-m+fp/hard\libc_nano.a(libc_a-nano-vfprintf_i.o)
                0x08006bc4                        . = ALIGN (0x4)
 *fill*         0x08006bc1        0x3 

.ARM.extab      0x08006bc4        0x0
                0x08006bc4                        . = ALIGN (0x4)
 *(.ARM.extab* .gnu.linkonce.armextab.*)
                0x08006bc4                        . = ALIGN (0x4)

.ARM            0x08006bc4        0x8
                0x08006bc4                        . = ALIGN (0x4)
                0x08006bc4                        __exidx_start = .
 *(.ARM.exidx*)
 .ARM.exidx     0x08006bc4        0x8 C:/ST/STM32CubeIDE_1.15.1/STM32CubeIDE/plugins/com.st.stm32cube.ide.mcu.externaltools.gnu-tools-for-stm32.12.3.rel1.win32_1.0.100.202403111256/tools/bin/../lib/gcc/arm-none-eabi/12.3.1/../../../../arm-none-eabi/lib/thumb/v7e-m+fp/hard\libc_nano.a(libc_a-memchr.o)
                0x08006bcc                        __exidx_end = .
                0x08006bcc                        . = ALIGN (0x4)

.preinit_array  0x08006bcc        0x0
                0x08006bcc                        . = ALIGN (0x4)
                0x08006bcc                        PROVIDE (__preinit_array_start = .)
 *(.preinit_array*)
                0x08006bcc                        PROVIDE (__preinit_array_end = .)
                0x08006bcc                        . = ALIGN (0x4)

.init_array     0x08006bcc        0x4
                0x08006bcc                        . = ALIGN (0x4)
                0x08006bcc                        PROVIDE (__init_array_start = .)
 *(SORT_BY_NAME(.init_array.*))
 *(.init_array*)
 .init_array    0x08006bcc        0x4 C:/ST/STM32CubeIDE_1.15.1/STM32CubeIDE/plugins/com.st.stm32cube.ide.mcu.externaltools.gnu-tools-for-stm32.12.3.rel1.win32_1.0.100.202403111256/tools/bin/../lib/gcc/arm-none-eabi/12.3.1/thumb/v7e-m+fp/hard/crtbegin.o
                0x08006bd0                        PROVIDE (__init_array_end = .)
                0x08006bd0                        . = ALIGN (0x4)

.fini_array     0x08006bd0        0x4
                0x08006bd0                        . = ALIGN (0x4)
                [!provide]                        PROVIDE (__fini_array_start = .)
 *(SORT_BY_NAME(.fini_array.*))
 *(.fini_array*)
 .fini_array    0x08006bd0        0x4 C:/ST/STM32CubeIDE_1.15.1/STM32CubeIDE/plugins/com.st.stm32cube.ide.mcu.externaltools.gnu-tools-for-stm32.12.3.rel1.win32_1.0.100.202403111256/tools/bin/../lib/gcc/arm-none-eabi/12.3.1/thumb/v7e-m+fp/hard/crtbegin.o
                [!provide]                        PROVIDE (__fini_array_end = .)
                0x08006bd4                        . = ALIGN (0x4)
                0x08006bd4                        _sidata = LOADADDR (.data)

.rel.dyn        0x08006bd4        0x0
 .rel.iplt      0x08006bd4        0x0 C:/ST/STM32CubeIDE_1.15.1/STM32CubeIDE/plugins/com.st.stm32cube.ide.mcu.externaltools.gnu-tools-for-stm32.12.3.rel1.win32_1.0.100.202403111256/tools/bin/../lib/gcc/arm-none-eabi/12.3.1/thumb/v7e-m+fp/hard/crtbegin.o

.data           0x20000000       0xcc load address 0x08006bd4
                0x20000000                        . = ALIGN (0x4)
                0x20000000                        _sdata = .
 *(.data)
 *(.data*)
 .data.screen1List
                0x20000000        0x8 ./Src/main.o
                0x20000000                screen1List
 .data.screen2List
                0x20000008        0x3 ./Src/main.o
                0x20000008                screen2List
 *fill*         0x2000000b        0x1 
 .data.screen3List
                0x2000000c        0x2 ./Src/main.o
                0x2000000c                screen3List
 *fill*         0x2000000e        0x2 
 .data.screen4List
                0x20000010        0x5 ./Src/main.o
                0x20000010                screen4List
 *fill*         0x20000015        0x3 
 .data.screen5List
                0x20000018        0x2 ./Src/main.o
                0x20000018                screen5List
 .data.changeSceneTimer
                0x2000001a        0x1 ./Src/main.o
                0x2000001a                changeSceneTimer
 .data.ButtonHoldTimer
                0x2000001b        0x1 ./Src/main.o
                0x2000001b                ButtonHoldTimer
 .data.SendDataTimer
                0x2000001c        0x1 ./Src/main.o
                0x2000001c                SendDataTimer
 *fill*         0x2000001d        0x3 
 .data.messageFrame
                0x20000020        0x4 ./Src/main.o
                0x20000020                messageFrame
 .data.SystemCoreClock
                0x20000024        0x4 C:\Funix\myWorkspace\Target\FinalProject_STM_V1_0_0\SDK_1.0.3_NUCLEO-F401RE\lib_stm\libLibraries.a(system_stm32f4xx.o)
                0x20000024                SystemCoreClock
 .data.AHBPrescTable
                0x20000028       0x10 C:\Funix\myWorkspace\Target\FinalProject_STM_V1_0_0\SDK_1.0.3_NUCLEO-F401RE\lib_stm\libLibraries.a(system_stm32f4xx.o)
                0x20000028                AHBPrescTable
 .data.APBAHBPrescTable
                0x20000038       0x10 C:\Funix\myWorkspace\Target\FinalProject_STM_V1_0_0\SDK_1.0.3_NUCLEO-F401RE\lib_stm\libLibraries.a(stm32f401re_rcc.o)
 .data.pinBtnPad
                0x20000048       0x30 C:\Funix\myWorkspace\Target\FinalProject_STM_V1_0_0\SDK_1.0.3_NUCLEO-F401RE\lib_stm\libLibraries.a(button.o)
 .data.idTaskScanDecodeLen
                0x20000078        0x1 C:\Funix\myWorkspace\Target\FinalProject_STM_V1_0_0\SDK_1.0.3_NUCLEO-F401RE\lib_stm\libLibraries.a(ucg_font.o)
 *fill*         0x20000079        0x3 
 .data._impure_ptr
                0x2000007c        0x4 C:/ST/STM32CubeIDE_1.15.1/STM32CubeIDE/plugins/com.st.stm32cube.ide.mcu.externaltools.gnu-tools-for-stm32.12.3.rel1.win32_1.0.100.202403111256/tools/bin/../lib/gcc/arm-none-eabi/12.3.1/../../../../arm-none-eabi/lib/thumb/v7e-m+fp/hard\libc_nano.a(libc_a-impure.o)
                0x2000007c                _impure_ptr
 .data._impure_data
                0x20000080       0x4c C:/ST/STM32CubeIDE_1.15.1/STM32CubeIDE/plugins/com.st.stm32cube.ide.mcu.externaltools.gnu-tools-for-stm32.12.3.rel1.win32_1.0.100.202403111256/tools/bin/../lib/gcc/arm-none-eabi/12.3.1/../../../../arm-none-eabi/lib/thumb/v7e-m+fp/hard\libc_nano.a(libc_a-impure.o)
                0x20000080                _impure_data
 *(.RamFunc)
 *(.RamFunc*)
                0x200000cc                        . = ALIGN (0x4)
                0x200000cc                        _edata = .

.igot.plt       0x200000cc        0x0 load address 0x08006ca0
 .igot.plt      0x200000cc        0x0 C:/ST/STM32CubeIDE_1.15.1/STM32CubeIDE/plugins/com.st.stm32cube.ide.mcu.externaltools.gnu-tools-for-stm32.12.3.rel1.win32_1.0.100.202403111256/tools/bin/../lib/gcc/arm-none-eabi/12.3.1/thumb/v7e-m+fp/hard/crtbegin.o
                0x200000cc                        . = ALIGN (0x4)

.bss            0x200000cc     0x14a0 load address 0x08006ca0
                0x200000cc                        _sbss = .
                0x200000cc                        __bss_start__ = _sbss
 *(.bss)
 .bss           0x200000cc       0x1c C:/ST/STM32CubeIDE_1.15.1/STM32CubeIDE/plugins/com.st.stm32cube.ide.mcu.externaltools.gnu-tools-for-stm32.12.3.rel1.win32_1.0.100.202403111256/tools/bin/../lib/gcc/arm-none-eabi/12.3.1/thumb/v7e-m+fp/hard/crtbegin.o
 *(.bss*)
 .bss.uwData32  0x200000e8        0x1 ./Src/FlashMem/flashmem.o
                0x200000e8                uwData32
 *fill*         0x200000e9        0x3 
 .bss.uwStartSector
                0x200000ec        0x4 ./Src/FlashMem/flashmem.o
                0x200000ec                uwStartSector
 .bss.uwEndSector
                0x200000f0        0x4 ./Src/FlashMem/flashmem.o
                0x200000f0                uwEndSector
 .bss.uwSectorCounter
                0x200000f4        0x4 ./Src/FlashMem/flashmem.o
                0x200000f4                uwSectorCounter
 .bss.uwAddress
                0x200000f8        0x4 ./Src/FlashMem/flashmem.o
                0x200000f8                uwAddress
 .bss.sceneNumber
                0x200000fc        0x1 ./Src/main.o
                0x200000fc                sceneNumber
 .bss.currentSceneNumber
                0x200000fd        0x1 ./Src/main.o
                0x200000fd                currentSceneNumber
 .bss.deviceState
                0x200000fe        0x1 ./Src/main.o
                0x200000fe                deviceState
 *fill*         0x200000ff        0x1 
 .bss.ucg       0x20000100       0xb4 ./Src/main.o
                0x20000100                ucg
 .bss.VerticalValue
                0x200001b4        0x1 ./Src/main.o
                0x200001b4                VerticalValue
 .bss.HorizontalValue
                0x200001b5        0x1 ./Src/main.o
                0x200001b5                HorizontalValue
 *fill*         0x200001b6        0x2 
 .bss.userChoiceXY
                0x200001b8        0x4 ./Src/main.o
                0x200001b8                userChoiceXY
 .bss.currentChoice
                0x200001bc        0x1 ./Src/main.o
                0x200001bc                currentChoice
 .bss.lastChoice
                0x200001bd        0x1 ./Src/main.o
                0x200001bd                lastChoice
 *fill*         0x200001be        0x2 
 .bss.color     0x200001c0        0x6 ./Src/main.o
                0x200001c0                color
 *fill*         0x200001c6        0x2 
 .bss.red       0x200001c8       0x14 ./Src/main.o
                0x200001c8                red
 .bss.blue      0x200001dc       0x14 ./Src/main.o
                0x200001dc                blue
 .bss.green     0x200001f0       0x14 ./Src/main.o
                0x200001f0                green
 .bss.time      0x20000204        0x6 ./Src/main.o
                0x20000204                time
 *fill*         0x2000020a        0x2 
 .bss.hour      0x2000020c       0x14 ./Src/main.o
                0x2000020c                hour
 .bss.minute    0x20000220       0x14 ./Src/main.o
                0x20000220                minute
 .bss.currentTime
                0x20000234       0x28 ./Src/main.o
                0x20000234                currentTime
 .bss.room      0x2000025c        0x1 ./Src/main.o
                0x2000025c                room
 .bss.ButtonState
                0x2000025d        0x1 ./Src/main.o
                0x2000025d                ButtonState
 *fill*         0x2000025e        0x2 
 .bss.inbuf     0x20000260       0x14 ./Src/main.o
                0x20000260                inbuf
 .bss.bufpos    0x20000274        0x4 ./Src/main.o
                0x20000274                bufpos
 .bss.lastTime.0
                0x20000278        0x4 ./Src/main.o
 .bss.__sbrk_heap_end
                0x2000027c        0x4 ./Src/sysmem.o
 .bss.g_pTimerHandle
                0x20000280      0x180 C:\Funix\myWorkspace\Target\FinalProject_STM_V1_0_0\SDK_1.0.3_NUCLEO-F401RE\lib_stm\libLibraries.a(timer.o)
 .bss.g_wMilSecTickTimer
                0x20000400        0x4 C:\Funix\myWorkspace\Target\FinalProject_STM_V1_0_0\SDK_1.0.3_NUCLEO-F401RE\lib_stm\libLibraries.a(timer.o)
 .bss.fontQueue
                0x20000404       0x10 C:\Funix\myWorkspace\Target\FinalProject_STM_V1_0_0\SDK_1.0.3_NUCLEO-F401RE\lib_stm\libLibraries.a(ucg_font.o)
 .bss.pQueueFont
                0x20000414     0x1000 C:\Funix\myWorkspace\Target\FinalProject_STM_V1_0_0\SDK_1.0.3_NUCLEO-F401RE\lib_stm\libLibraries.a(ucg_font.o)
 .bss.next.7562
                0x20001414        0x1 C:\Funix\myWorkspace\Target\FinalProject_STM_V1_0_0\SDK_1.0.3_NUCLEO-F401RE\lib_stm\libLibraries.a(ucg_font.o)
 *fill*         0x20001415        0x3 
 .bss.__sf      0x20001418      0x138 C:/ST/STM32CubeIDE_1.15.1/STM32CubeIDE/plugins/com.st.stm32cube.ide.mcu.externaltools.gnu-tools-for-stm32.12.3.rel1.win32_1.0.100.202403111256/tools/bin/../lib/gcc/arm-none-eabi/12.3.1/../../../../arm-none-eabi/lib/thumb/v7e-m+fp/hard\libc_nano.a(libc_a-findfp.o)
                0x20001418                __sf
 .bss.errno     0x20001550        0x4 C:/ST/STM32CubeIDE_1.15.1/STM32CubeIDE/plugins/com.st.stm32cube.ide.mcu.externaltools.gnu-tools-for-stm32.12.3.rel1.win32_1.0.100.202403111256/tools/bin/../lib/gcc/arm-none-eabi/12.3.1/../../../../arm-none-eabi/lib/thumb/v7e-m+fp/hard\libc_nano.a(libc_a-reent.o)
                0x20001550                errno
 .bss.__lock___malloc_recursive_mutex
                0x20001554        0x1 C:/ST/STM32CubeIDE_1.15.1/STM32CubeIDE/plugins/com.st.stm32cube.ide.mcu.externaltools.gnu-tools-for-stm32.12.3.rel1.win32_1.0.100.202403111256/tools/bin/../lib/gcc/arm-none-eabi/12.3.1/../../../../arm-none-eabi/lib/thumb/v7e-m+fp/hard\libc_nano.a(libc_a-lock.o)
                0x20001554                __lock___malloc_recursive_mutex
 *fill*         0x20001555        0x3 
 .bss.__malloc_sbrk_start
                0x20001558        0x4 C:/ST/STM32CubeIDE_1.15.1/STM32CubeIDE/plugins/com.st.stm32cube.ide.mcu.externaltools.gnu-tools-for-stm32.12.3.rel1.win32_1.0.100.202403111256/tools/bin/../lib/gcc/arm-none-eabi/12.3.1/../../../../arm-none-eabi/lib/thumb/v7e-m+fp/hard\libc_nano.a(libc_a-mallocr.o)
                0x20001558                __malloc_sbrk_start
 .bss.__malloc_free_list
                0x2000155c        0x4 C:/ST/STM32CubeIDE_1.15.1/STM32CubeIDE/plugins/com.st.stm32cube.ide.mcu.externaltools.gnu-tools-for-stm32.12.3.rel1.win32_1.0.100.202403111256/tools/bin/../lib/gcc/arm-none-eabi/12.3.1/../../../../arm-none-eabi/lib/thumb/v7e-m+fp/hard\libc_nano.a(libc_a-mallocr.o)
                0x2000155c                __malloc_free_list
 *(COMMON)
 COMMON         0x20001560        0xc C:\Funix\myWorkspace\Target\FinalProject_STM_V1_0_0\SDK_1.0.3_NUCLEO-F401RE\lib_stm\libLibraries.a(ucg_font.o)
                0x20001560                ucg_draw_str
                0x2000156c                        . = ALIGN (0x4)
                0x2000156c                        _ebss = .
                0x2000156c                        __bss_end__ = _ebss

._user_heap_stack
                0x2000156c      0x604 load address 0x08006ca0
                0x20001570                        . = ALIGN (0x8)
 *fill*         0x2000156c        0x4 
                [!provide]                        PROVIDE (end = .)
                0x20001570                        PROVIDE (_end = .)
                0x20001770                        . = (. + _Min_Heap_Size)
 *fill*         0x20001570      0x200 
                0x20001b70                        . = (. + _Min_Stack_Size)
 *fill*         0x20001770      0x400 
                0x20001b70                        . = ALIGN (0x8)

/DISCARD/
 libc.a(*)
 libm.a(*)
 libgcc.a(*)

.ARM.attributes
                0x00000000       0x30
 *(.ARM.attributes)
 .ARM.attributes
                0x00000000       0x22 C:/ST/STM32CubeIDE_1.15.1/STM32CubeIDE/plugins/com.st.stm32cube.ide.mcu.externaltools.gnu-tools-for-stm32.12.3.rel1.win32_1.0.100.202403111256/tools/bin/../lib/gcc/arm-none-eabi/12.3.1/thumb/v7e-m+fp/hard/crti.o
 .ARM.attributes
                0x00000022       0x34 C:/ST/STM32CubeIDE_1.15.1/STM32CubeIDE/plugins/com.st.stm32cube.ide.mcu.externaltools.gnu-tools-for-stm32.12.3.rel1.win32_1.0.100.202403111256/tools/bin/../lib/gcc/arm-none-eabi/12.3.1/thumb/v7e-m+fp/hard/crtbegin.o
 .ARM.attributes
                0x00000056       0x34 ./Src/FlashMem/flashmem.o
 .ARM.attributes
                0x0000008a       0x34 ./Src/FlashMem/std/stm32f4xx_flash.o
 .ARM.attributes
                0x000000be       0x34 ./Src/main.o
 .ARM.attributes
                0x000000f2       0x34 ./Src/sysmem.o
 .ARM.attributes
                0x00000126       0x21 ./Startup/startup_stm32f401retx.o
 .ARM.attributes
                0x00000147       0x39 C:\Funix\myWorkspace\Target\FinalProject_STM_V1_0_0\SDK_1.0.3_NUCLEO-F401RE\lib_stm\libLibraries.a(system_stm32f4xx.o)
 .ARM.attributes
                0x00000180       0x39 C:\Funix\myWorkspace\Target\FinalProject_STM_V1_0_0\SDK_1.0.3_NUCLEO-F401RE\lib_stm\libLibraries.a(misc.o)
 .ARM.attributes
                0x000001b9       0x39 C:\Funix\myWorkspace\Target\FinalProject_STM_V1_0_0\SDK_1.0.3_NUCLEO-F401RE\lib_stm\libLibraries.a(stm32f401re_exti.o)
 .ARM.attributes
                0x000001f2       0x39 C:\Funix\myWorkspace\Target\FinalProject_STM_V1_0_0\SDK_1.0.3_NUCLEO-F401RE\lib_stm\libLibraries.a(stm32f401re_gpio.o)
 .ARM.attributes
                0x0000022b       0x39 C:\Funix\myWorkspace\Target\FinalProject_STM_V1_0_0\SDK_1.0.3_NUCLEO-F401RE\lib_stm\libLibraries.a(stm32f401re_rcc.o)
 .ARM.attributes
                0x00000264       0x39 C:\Funix\myWorkspace\Target\FinalProject_STM_V1_0_0\SDK_1.0.3_NUCLEO-F401RE\lib_stm\libLibraries.a(stm32f401re_syscfg.o)
 .ARM.attributes
                0x0000029d       0x39 C:\Funix\myWorkspace\Target\FinalProject_STM_V1_0_0\SDK_1.0.3_NUCLEO-F401RE\lib_stm\libLibraries.a(stm32f401re_tim.o)
 .ARM.attributes
                0x000002d6       0x39 C:\Funix\myWorkspace\Target\FinalProject_STM_V1_0_0\SDK_1.0.3_NUCLEO-F401RE\lib_stm\libLibraries.a(stm32f401re_usart.o)
 .ARM.attributes
                0x0000030f       0x39 C:\Funix\myWorkspace\Target\FinalProject_STM_V1_0_0\SDK_1.0.3_NUCLEO-F401RE\lib_stm\libLibraries.a(button.o)
 .ARM.attributes
                0x00000348       0x39 C:\Funix\myWorkspace\Target\FinalProject_STM_V1_0_0\SDK_1.0.3_NUCLEO-F401RE\lib_stm\libLibraries.a(timer.o)
 .ARM.attributes
                0x00000381       0x39 C:\Funix\myWorkspace\Target\FinalProject_STM_V1_0_0\SDK_1.0.3_NUCLEO-F401RE\lib_stm\libLibraries.a(Ucglib.o)
 .ARM.attributes
                0x000003ba       0x39 C:\Funix\myWorkspace\Target\FinalProject_STM_V1_0_0\SDK_1.0.3_NUCLEO-F401RE\lib_stm\libLibraries.a(ucg_box.o)
 .ARM.attributes
                0x000003f3       0x39 C:\Funix\myWorkspace\Target\FinalProject_STM_V1_0_0\SDK_1.0.3_NUCLEO-F401RE\lib_stm\libLibraries.a(ucg_ccs.o)
 .ARM.attributes
                0x0000042c       0x39 C:\Funix\myWorkspace\Target\FinalProject_STM_V1_0_0\SDK_1.0.3_NUCLEO-F401RE\lib_stm\libLibraries.a(ucg_dev_default_cb.o)
 .ARM.attributes
                0x00000465       0x39 C:\Funix\myWorkspace\Target\FinalProject_STM_V1_0_0\SDK_1.0.3_NUCLEO-F401RE\lib_stm\libLibraries.a(ucg_dev_ic_st7735.o)
 .ARM.attributes
                0x0000049e       0x39 C:\Funix\myWorkspace\Target\FinalProject_STM_V1_0_0\SDK_1.0.3_NUCLEO-F401RE\lib_stm\libLibraries.a(ucg_dev_msg_api.o)
 .ARM.attributes
                0x000004d7       0x39 C:\Funix\myWorkspace\Target\FinalProject_STM_V1_0_0\SDK_1.0.3_NUCLEO-F401RE\lib_stm\libLibraries.a(ucg_dev_tft_128x128_st7735.o)
 .ARM.attributes
                0x00000510       0x39 C:\Funix\myWorkspace\Target\FinalProject_STM_V1_0_0\SDK_1.0.3_NUCLEO-F401RE\lib_stm\libLibraries.a(ucg_font.o)
 .ARM.attributes
                0x00000549       0x39 C:\Funix\myWorkspace\Target\FinalProject_STM_V1_0_0\SDK_1.0.3_NUCLEO-F401RE\lib_stm\libLibraries.a(ucg_init.o)
 .ARM.attributes
                0x00000582       0x39 C:\Funix\myWorkspace\Target\FinalProject_STM_V1_0_0\SDK_1.0.3_NUCLEO-F401RE\lib_stm\libLibraries.a(ucg_line.o)
 .ARM.attributes
                0x000005bb       0x39 C:\Funix\myWorkspace\Target\FinalProject_STM_V1_0_0\SDK_1.0.3_NUCLEO-F401RE\lib_stm\libLibraries.a(ucg_pixel.o)
 .ARM.attributes
                0x000005f4       0x39 C:\Funix\myWorkspace\Target\FinalProject_STM_V1_0_0\SDK_1.0.3_NUCLEO-F401RE\lib_stm\libLibraries.a(ucg_pixel_font_data.o)
 .ARM.attributes
                0x0000062d       0x39 C:\Funix\myWorkspace\Target\FinalProject_STM_V1_0_0\SDK_1.0.3_NUCLEO-F401RE\lib_stm\libLibraries.a(ucg_rotate.o)
 .ARM.attributes
                0x00000666       0x39 C:\Funix\myWorkspace\Target\FinalProject_STM_V1_0_0\SDK_1.0.3_NUCLEO-F401RE\lib_stm\libLibraries.a(buff.o)
 .ARM.attributes
                0x0000069f       0x39 C:\Funix\myWorkspace\Target\FinalProject_STM_V1_0_0\SDK_1.0.3_NUCLEO-F401RE\lib_stm\libLibraries.a(utilities.o)
 .ARM.attributes
                0x000006d8       0x39 C:\Funix\myWorkspace\Target\FinalProject_STM_V1_0_0\SDK_1.0.3_NUCLEO-F401RE\lib_stm\libLibraries.a(ucg_clip.o)
 .ARM.attributes
                0x00000711       0x39 C:\Funix\myWorkspace\Target\FinalProject_STM_V1_0_0\SDK_1.0.3_NUCLEO-F401RE\lib_stm\libLibraries.a(ucg_com_msg_api.o)
 .ARM.attributes
                0x0000074a       0x34 C:/ST/STM32CubeIDE_1.15.1/STM32CubeIDE/plugins/com.st.stm32cube.ide.mcu.externaltools.gnu-tools-for-stm32.12.3.rel1.win32_1.0.100.202403111256/tools/bin/../lib/gcc/arm-none-eabi/12.3.1/../../../../arm-none-eabi/lib/thumb/v7e-m+fp/hard\libc_nano.a(libc_a-findfp.o)
 .ARM.attributes
                0x0000077e       0x34 C:/ST/STM32CubeIDE_1.15.1/STM32CubeIDE/plugins/com.st.stm32cube.ide.mcu.externaltools.gnu-tools-for-stm32.12.3.rel1.win32_1.0.100.202403111256/tools/bin/../lib/gcc/arm-none-eabi/12.3.1/../../../../arm-none-eabi/lib/thumb/v7e-m+fp/hard\libc_nano.a(libc_a-sprintf.o)
 .ARM.attributes
                0x000007b2       0x34 C:/ST/STM32CubeIDE_1.15.1/STM32CubeIDE/plugins/com.st.stm32cube.ide.mcu.externaltools.gnu-tools-for-stm32.12.3.rel1.win32_1.0.100.202403111256/tools/bin/../lib/gcc/arm-none-eabi/12.3.1/../../../../arm-none-eabi/lib/thumb/v7e-m+fp/hard\libc_nano.a(libc_a-memset.o)
 .ARM.attributes
                0x000007e6       0x34 C:/ST/STM32CubeIDE_1.15.1/STM32CubeIDE/plugins/com.st.stm32cube.ide.mcu.externaltools.gnu-tools-for-stm32.12.3.rel1.win32_1.0.100.202403111256/tools/bin/../lib/gcc/arm-none-eabi/12.3.1/../../../../arm-none-eabi/lib/thumb/v7e-m+fp/hard\libc_nano.a(libc_a-reent.o)
 .ARM.attributes
                0x0000081a       0x34 C:/ST/STM32CubeIDE_1.15.1/STM32CubeIDE/plugins/com.st.stm32cube.ide.mcu.externaltools.gnu-tools-for-stm32.12.3.rel1.win32_1.0.100.202403111256/tools/bin/../lib/gcc/arm-none-eabi/12.3.1/../../../../arm-none-eabi/lib/thumb/v7e-m+fp/hard\libc_nano.a(libc_a-impure.o)
 .ARM.attributes
                0x0000084e       0x34 C:/ST/STM32CubeIDE_1.15.1/STM32CubeIDE/plugins/com.st.stm32cube.ide.mcu.externaltools.gnu-tools-for-stm32.12.3.rel1.win32_1.0.100.202403111256/tools/bin/../lib/gcc/arm-none-eabi/12.3.1/../../../../arm-none-eabi/lib/thumb/v7e-m+fp/hard\libc_nano.a(libc_a-errno.o)
 .ARM.attributes
                0x00000882       0x34 C:/ST/STM32CubeIDE_1.15.1/STM32CubeIDE/plugins/com.st.stm32cube.ide.mcu.externaltools.gnu-tools-for-stm32.12.3.rel1.win32_1.0.100.202403111256/tools/bin/../lib/gcc/arm-none-eabi/12.3.1/../../../../arm-none-eabi/lib/thumb/v7e-m+fp/hard\libc_nano.a(libc_a-init.o)
 .ARM.attributes
                0x000008b6       0x34 C:/ST/STM32CubeIDE_1.15.1/STM32CubeIDE/plugins/com.st.stm32cube.ide.mcu.externaltools.gnu-tools-for-stm32.12.3.rel1.win32_1.0.100.202403111256/tools/bin/../lib/gcc/arm-none-eabi/12.3.1/../../../../arm-none-eabi/lib/thumb/v7e-m+fp/hard\libc_nano.a(libc_a-lock.o)
 .ARM.attributes
                0x000008ea       0x34 C:/ST/STM32CubeIDE_1.15.1/STM32CubeIDE/plugins/com.st.stm32cube.ide.mcu.externaltools.gnu-tools-for-stm32.12.3.rel1.win32_1.0.100.202403111256/tools/bin/../lib/gcc/arm-none-eabi/12.3.1/../../../../arm-none-eabi/lib/thumb/v7e-m+fp/hard\libc_nano.a(libc_a-freer.o)
 .ARM.attributes
                0x0000091e       0x34 C:/ST/STM32CubeIDE_1.15.1/STM32CubeIDE/plugins/com.st.stm32cube.ide.mcu.externaltools.gnu-tools-for-stm32.12.3.rel1.win32_1.0.100.202403111256/tools/bin/../lib/gcc/arm-none-eabi/12.3.1/../../../../arm-none-eabi/lib/thumb/v7e-m+fp/hard\libc_nano.a(libc_a-mallocr.o)
 .ARM.attributes
                0x00000952       0x34 C:/ST/STM32CubeIDE_1.15.1/STM32CubeIDE/plugins/com.st.stm32cube.ide.mcu.externaltools.gnu-tools-for-stm32.12.3.rel1.win32_1.0.100.202403111256/tools/bin/../lib/gcc/arm-none-eabi/12.3.1/../../../../arm-none-eabi/lib/thumb/v7e-m+fp/hard\libc_nano.a(libc_a-mlock.o)
 .ARM.attributes
                0x00000986       0x34 C:/ST/STM32CubeIDE_1.15.1/STM32CubeIDE/plugins/com.st.stm32cube.ide.mcu.externaltools.gnu-tools-for-stm32.12.3.rel1.win32_1.0.100.202403111256/tools/bin/../lib/gcc/arm-none-eabi/12.3.1/../../../../arm-none-eabi/lib/thumb/v7e-m+fp/hard\libc_nano.a(libc_a-nano-svfprintf.o)
 .ARM.attributes
                0x000009ba       0x34 C:/ST/STM32CubeIDE_1.15.1/STM32CubeIDE/plugins/com.st.stm32cube.ide.mcu.externaltools.gnu-tools-for-stm32.12.3.rel1.win32_1.0.100.202403111256/tools/bin/../lib/gcc/arm-none-eabi/12.3.1/../../../../arm-none-eabi/lib/thumb/v7e-m+fp/hard\libc_nano.a(libc_a-nano-vfprintf_i.o)
 .ARM.attributes
                0x000009ee       0x34 C:/ST/STM32CubeIDE_1.15.1/STM32CubeIDE/plugins/com.st.stm32cube.ide.mcu.externaltools.gnu-tools-for-stm32.12.3.rel1.win32_1.0.100.202403111256/tools/bin/../lib/gcc/arm-none-eabi/12.3.1/../../../../arm-none-eabi/lib/thumb/v7e-m+fp/hard\libc_nano.a(libc_a-memmove.o)
 .ARM.attributes
                0x00000a22       0x34 C:/ST/STM32CubeIDE_1.15.1/STM32CubeIDE/plugins/com.st.stm32cube.ide.mcu.externaltools.gnu-tools-for-stm32.12.3.rel1.win32_1.0.100.202403111256/tools/bin/../lib/gcc/arm-none-eabi/12.3.1/../../../../arm-none-eabi/lib/thumb/v7e-m+fp/hard\libc_nano.a(libc_a-sbrkr.o)
 .ARM.attributes
                0x00000a56       0x1c C:/ST/STM32CubeIDE_1.15.1/STM32CubeIDE/plugins/com.st.stm32cube.ide.mcu.externaltools.gnu-tools-for-stm32.12.3.rel1.win32_1.0.100.202403111256/tools/bin/../lib/gcc/arm-none-eabi/12.3.1/../../../../arm-none-eabi/lib/thumb/v7e-m+fp/hard\libc_nano.a(libc_a-memchr.o)
 .ARM.attributes
                0x00000a72       0x34 C:/ST/STM32CubeIDE_1.15.1/STM32CubeIDE/plugins/com.st.stm32cube.ide.mcu.externaltools.gnu-tools-for-stm32.12.3.rel1.win32_1.0.100.202403111256/tools/bin/../lib/gcc/arm-none-eabi/12.3.1/../../../../arm-none-eabi/lib/thumb/v7e-m+fp/hard\libc_nano.a(libc_a-memcpy-stub.o)
 .ARM.attributes
                0x00000aa6       0x34 C:/ST/STM32CubeIDE_1.15.1/STM32CubeIDE/plugins/com.st.stm32cube.ide.mcu.externaltools.gnu-tools-for-stm32.12.3.rel1.win32_1.0.100.202403111256/tools/bin/../lib/gcc/arm-none-eabi/12.3.1/../../../../arm-none-eabi/lib/thumb/v7e-m+fp/hard\libc_nano.a(libc_a-reallocr.o)
 .ARM.attributes
                0x00000ada       0x34 C:/ST/STM32CubeIDE_1.15.1/STM32CubeIDE/plugins/com.st.stm32cube.ide.mcu.externaltools.gnu-tools-for-stm32.12.3.rel1.win32_1.0.100.202403111256/tools/bin/../lib/gcc/arm-none-eabi/12.3.1/../../../../arm-none-eabi/lib/thumb/v7e-m+fp/hard\libc_nano.a(libc_a-msizer.o)
 .ARM.attributes
                0x00000b0e       0x22 C:/ST/STM32CubeIDE_1.15.1/STM32CubeIDE/plugins/com.st.stm32cube.ide.mcu.externaltools.gnu-tools-for-stm32.12.3.rel1.win32_1.0.100.202403111256/tools/bin/../lib/gcc/arm-none-eabi/12.3.1/thumb/v7e-m+fp/hard/crtn.o
OUTPUT(FinalProject_STM_V1_0_0.elf elf32-littlearm)
LOAD linker stubs
LOAD C:/ST/STM32CubeIDE_1.15.1/STM32CubeIDE/plugins/com.st.stm32cube.ide.mcu.externaltools.gnu-tools-for-stm32.12.3.rel1.win32_1.0.100.202403111256/tools/bin/../lib/gcc/arm-none-eabi/12.3.1/../../../../arm-none-eabi/lib/thumb/v7e-m+fp/hard\libc.a
LOAD C:/ST/STM32CubeIDE_1.15.1/STM32CubeIDE/plugins/com.st.stm32cube.ide.mcu.externaltools.gnu-tools-for-stm32.12.3.rel1.win32_1.0.100.202403111256/tools/bin/../lib/gcc/arm-none-eabi/12.3.1/../../../../arm-none-eabi/lib/thumb/v7e-m+fp/hard\libm.a
LOAD C:/ST/STM32CubeIDE_1.15.1/STM32CubeIDE/plugins/com.st.stm32cube.ide.mcu.externaltools.gnu-tools-for-stm32.12.3.rel1.win32_1.0.100.202403111256/tools/bin/../lib/gcc/arm-none-eabi/12.3.1/thumb/v7e-m+fp/hard\libgcc.a

.debug_info     0x00000000    0x39a05
 .debug_info    0x00000000      0x2a8 ./Src/FlashMem/flashmem.o
 .debug_info    0x000002a8      0x8f7 ./Src/FlashMem/std/stm32f4xx_flash.o
 .debug_info    0x00000b9f     0x1b20 ./Src/main.o
 .debug_info    0x000026bf      0x168 ./Src/sysmem.o
 .debug_info    0x00002827       0x30 ./Startup/startup_stm32f401retx.o
 .debug_info    0x00002857      0x5bb C:\Funix\myWorkspace\Target\FinalProject_STM_V1_0_0\SDK_1.0.3_NUCLEO-F401RE\lib_stm\libLibraries.a(system_stm32f4xx.o)
 .debug_info    0x00002e12      0x54b C:\Funix\myWorkspace\Target\FinalProject_STM_V1_0_0\SDK_1.0.3_NUCLEO-F401RE\lib_stm\libLibraries.a(misc.o)
 .debug_info    0x0000335d      0x358 C:\Funix\myWorkspace\Target\FinalProject_STM_V1_0_0\SDK_1.0.3_NUCLEO-F401RE\lib_stm\libLibraries.a(stm32f401re_exti.o)
 .debug_info    0x000036b5      0x62b C:\Funix\myWorkspace\Target\FinalProject_STM_V1_0_0\SDK_1.0.3_NUCLEO-F401RE\lib_stm\libLibraries.a(stm32f401re_gpio.o)
 .debug_info    0x00003ce0      0xd5e C:\Funix\myWorkspace\Target\FinalProject_STM_V1_0_0\SDK_1.0.3_NUCLEO-F401RE\lib_stm\libLibraries.a(stm32f401re_rcc.o)
 .debug_info    0x00004a3e      0x2a6 C:\Funix\myWorkspace\Target\FinalProject_STM_V1_0_0\SDK_1.0.3_NUCLEO-F401RE\lib_stm\libLibraries.a(stm32f401re_syscfg.o)
 .debug_info    0x00004ce4     0x1c73 C:\Funix\myWorkspace\Target\FinalProject_STM_V1_0_0\SDK_1.0.3_NUCLEO-F401RE\lib_stm\libLibraries.a(stm32f401re_tim.o)
 .debug_info    0x00006957      0x9d4 C:\Funix\myWorkspace\Target\FinalProject_STM_V1_0_0\SDK_1.0.3_NUCLEO-F401RE\lib_stm\libLibraries.a(stm32f401re_usart.o)
 .debug_info    0x0000732b      0x5fe C:\Funix\myWorkspace\Target\FinalProject_STM_V1_0_0\SDK_1.0.3_NUCLEO-F401RE\lib_stm\libLibraries.a(button.o)
 .debug_info    0x00007929      0x922 C:\Funix\myWorkspace\Target\FinalProject_STM_V1_0_0\SDK_1.0.3_NUCLEO-F401RE\lib_stm\libLibraries.a(timer.o)
 .debug_info    0x0000824b     0x333f C:\Funix\myWorkspace\Target\FinalProject_STM_V1_0_0\SDK_1.0.3_NUCLEO-F401RE\lib_stm\libLibraries.a(Ucglib.o)
 .debug_info    0x0000b58a     0x329d C:\Funix\myWorkspace\Target\FinalProject_STM_V1_0_0\SDK_1.0.3_NUCLEO-F401RE\lib_stm\libLibraries.a(ucg_box.o)
 .debug_info    0x0000e827     0x2b08 C:\Funix\myWorkspace\Target\FinalProject_STM_V1_0_0\SDK_1.0.3_NUCLEO-F401RE\lib_stm\libLibraries.a(ucg_ccs.o)
 .debug_info    0x0001132f     0x324b C:\Funix\myWorkspace\Target\FinalProject_STM_V1_0_0\SDK_1.0.3_NUCLEO-F401RE\lib_stm\libLibraries.a(ucg_dev_default_cb.o)
 .debug_info    0x0001457a     0x3272 C:\Funix\myWorkspace\Target\FinalProject_STM_V1_0_0\SDK_1.0.3_NUCLEO-F401RE\lib_stm\libLibraries.a(ucg_dev_ic_st7735.o)
 .debug_info    0x000177ec     0x3178 C:\Funix\myWorkspace\Target\FinalProject_STM_V1_0_0\SDK_1.0.3_NUCLEO-F401RE\lib_stm\libLibraries.a(ucg_dev_msg_api.o)
 .debug_info    0x0001a964     0x303e C:\Funix\myWorkspace\Target\FinalProject_STM_V1_0_0\SDK_1.0.3_NUCLEO-F401RE\lib_stm\libLibraries.a(ucg_dev_tft_128x128_st7735.o)
 .debug_info    0x0001d9a2     0x43ab C:\Funix\myWorkspace\Target\FinalProject_STM_V1_0_0\SDK_1.0.3_NUCLEO-F401RE\lib_stm\libLibraries.a(ucg_font.o)
 .debug_info    0x00021d4d     0x3856 C:\Funix\myWorkspace\Target\FinalProject_STM_V1_0_0\SDK_1.0.3_NUCLEO-F401RE\lib_stm\libLibraries.a(ucg_init.o)
 .debug_info    0x000255a3     0x3222 C:\Funix\myWorkspace\Target\FinalProject_STM_V1_0_0\SDK_1.0.3_NUCLEO-F401RE\lib_stm\libLibraries.a(ucg_line.o)
 .debug_info    0x000287c5     0x3056 C:\Funix\myWorkspace\Target\FinalProject_STM_V1_0_0\SDK_1.0.3_NUCLEO-F401RE\lib_stm\libLibraries.a(ucg_pixel.o)
 .debug_info    0x0002b81b     0x43df C:\Funix\myWorkspace\Target\FinalProject_STM_V1_0_0\SDK_1.0.3_NUCLEO-F401RE\lib_stm\libLibraries.a(ucg_pixel_font_data.o)
 .debug_info    0x0002fbfa     0x3231 C:\Funix\myWorkspace\Target\FinalProject_STM_V1_0_0\SDK_1.0.3_NUCLEO-F401RE\lib_stm\libLibraries.a(ucg_rotate.o)
 .debug_info    0x00032e2b      0x339 C:\Funix\myWorkspace\Target\FinalProject_STM_V1_0_0\SDK_1.0.3_NUCLEO-F401RE\lib_stm\libLibraries.a(buff.o)
 .debug_info    0x00033164      0x2bd C:\Funix\myWorkspace\Target\FinalProject_STM_V1_0_0\SDK_1.0.3_NUCLEO-F401RE\lib_stm\libLibraries.a(utilities.o)
 .debug_info    0x00033421     0x315a C:\Funix\myWorkspace\Target\FinalProject_STM_V1_0_0\SDK_1.0.3_NUCLEO-F401RE\lib_stm\libLibraries.a(ucg_clip.o)
 .debug_info    0x0003657b     0x348a C:\Funix\myWorkspace\Target\FinalProject_STM_V1_0_0\SDK_1.0.3_NUCLEO-F401RE\lib_stm\libLibraries.a(ucg_com_msg_api.o)

.debug_abbrev   0x00000000     0x32b5
 .debug_abbrev  0x00000000      0x15c ./Src/FlashMem/flashmem.o
 .debug_abbrev  0x0000015c      0x1ae ./Src/FlashMem/std/stm32f4xx_flash.o
 .debug_abbrev  0x0000030a      0x3be ./Src/main.o
 .debug_abbrev  0x000006c8       0xbc ./Src/sysmem.o
 .debug_abbrev  0x00000784       0x24 ./Startup/startup_stm32f401retx.o
 .debug_abbrev  0x000007a8      0x138 C:\Funix\myWorkspace\Target\FinalProject_STM_V1_0_0\SDK_1.0.3_NUCLEO-F401RE\lib_stm\libLibraries.a(system_stm32f4xx.o)
 .debug_abbrev  0x000008e0      0x177 C:\Funix\myWorkspace\Target\FinalProject_STM_V1_0_0\SDK_1.0.3_NUCLEO-F401RE\lib_stm\libLibraries.a(misc.o)
 .debug_abbrev  0x00000a57      0x1c3 C:\Funix\myWorkspace\Target\FinalProject_STM_V1_0_0\SDK_1.0.3_NUCLEO-F401RE\lib_stm\libLibraries.a(stm32f401re_exti.o)
 .debug_abbrev  0x00000c1a      0x1bf C:\Funix\myWorkspace\Target\FinalProject_STM_V1_0_0\SDK_1.0.3_NUCLEO-F401RE\lib_stm\libLibraries.a(stm32f401re_gpio.o)
 .debug_abbrev  0x00000dd9      0x1d4 C:\Funix\myWorkspace\Target\FinalProject_STM_V1_0_0\SDK_1.0.3_NUCLEO-F401RE\lib_stm\libLibraries.a(stm32f401re_rcc.o)
 .debug_abbrev  0x00000fad      0x14b C:\Funix\myWorkspace\Target\FinalProject_STM_V1_0_0\SDK_1.0.3_NUCLEO-F401RE\lib_stm\libLibraries.a(stm32f401re_syscfg.o)
 .debug_abbrev  0x000010f8      0x19f C:\Funix\myWorkspace\Target\FinalProject_STM_V1_0_0\SDK_1.0.3_NUCLEO-F401RE\lib_stm\libLibraries.a(stm32f401re_tim.o)
 .debug_abbrev  0x00001297      0x187 C:\Funix\myWorkspace\Target\FinalProject_STM_V1_0_0\SDK_1.0.3_NUCLEO-F401RE\lib_stm\libLibraries.a(stm32f401re_usart.o)
 .debug_abbrev  0x0000141e      0x220 C:\Funix\myWorkspace\Target\FinalProject_STM_V1_0_0\SDK_1.0.3_NUCLEO-F401RE\lib_stm\libLibraries.a(button.o)
 .debug_abbrev  0x0000163e      0x29a C:\Funix\myWorkspace\Target\FinalProject_STM_V1_0_0\SDK_1.0.3_NUCLEO-F401RE\lib_stm\libLibraries.a(timer.o)
 .debug_abbrev  0x000018d8      0x202 C:\Funix\myWorkspace\Target\FinalProject_STM_V1_0_0\SDK_1.0.3_NUCLEO-F401RE\lib_stm\libLibraries.a(Ucglib.o)
 .debug_abbrev  0x00001ada      0x18b C:\Funix\myWorkspace\Target\FinalProject_STM_V1_0_0\SDK_1.0.3_NUCLEO-F401RE\lib_stm\libLibraries.a(ucg_box.o)
 .debug_abbrev  0x00001c65       0xf5 C:\Funix\myWorkspace\Target\FinalProject_STM_V1_0_0\SDK_1.0.3_NUCLEO-F401RE\lib_stm\libLibraries.a(ucg_ccs.o)
 .debug_abbrev  0x00001d5a      0x19e C:\Funix\myWorkspace\Target\FinalProject_STM_V1_0_0\SDK_1.0.3_NUCLEO-F401RE\lib_stm\libLibraries.a(ucg_dev_default_cb.o)
 .debug_abbrev  0x00001ef8      0x1dc C:\Funix\myWorkspace\Target\FinalProject_STM_V1_0_0\SDK_1.0.3_NUCLEO-F401RE\lib_stm\libLibraries.a(ucg_dev_ic_st7735.o)
 .debug_abbrev  0x000020d4      0x191 C:\Funix\myWorkspace\Target\FinalProject_STM_V1_0_0\SDK_1.0.3_NUCLEO-F401RE\lib_stm\libLibraries.a(ucg_dev_msg_api.o)
 .debug_abbrev  0x00002265      0x14e C:\Funix\myWorkspace\Target\FinalProject_STM_V1_0_0\SDK_1.0.3_NUCLEO-F401RE\lib_stm\libLibraries.a(ucg_dev_tft_128x128_st7735.o)
 .debug_abbrev  0x000023b3      0x2fc C:\Funix\myWorkspace\Target\FinalProject_STM_V1_0_0\SDK_1.0.3_NUCLEO-F401RE\lib_stm\libLibraries.a(ucg_font.o)
 .debug_abbrev  0x000026af      0x1c6 C:\Funix\myWorkspace\Target\FinalProject_STM_V1_0_0\SDK_1.0.3_NUCLEO-F401RE\lib_stm\libLibraries.a(ucg_init.o)
 .debug_abbrev  0x00002875      0x175 C:\Funix\myWorkspace\Target\FinalProject_STM_V1_0_0\SDK_1.0.3_NUCLEO-F401RE\lib_stm\libLibraries.a(ucg_line.o)
 .debug_abbrev  0x000029ea      0x148 C:\Funix\myWorkspace\Target\FinalProject_STM_V1_0_0\SDK_1.0.3_NUCLEO-F401RE\lib_stm\libLibraries.a(ucg_pixel.o)
 .debug_abbrev  0x00002b32       0x83 C:\Funix\myWorkspace\Target\FinalProject_STM_V1_0_0\SDK_1.0.3_NUCLEO-F401RE\lib_stm\libLibraries.a(ucg_pixel_font_data.o)
 .debug_abbrev  0x00002bb5      0x1a3 C:\Funix\myWorkspace\Target\FinalProject_STM_V1_0_0\SDK_1.0.3_NUCLEO-F401RE\lib_stm\libLibraries.a(ucg_rotate.o)
 .debug_abbrev  0x00002d58      0x12a C:\Funix\myWorkspace\Target\FinalProject_STM_V1_0_0\SDK_1.0.3_NUCLEO-F401RE\lib_stm\libLibraries.a(buff.o)
 .debug_abbrev  0x00002e82       0xce C:\Funix\myWorkspace\Target\FinalProject_STM_V1_0_0\SDK_1.0.3_NUCLEO-F401RE\lib_stm\libLibraries.a(utilities.o)
 .debug_abbrev  0x00002f50      0x173 C:\Funix\myWorkspace\Target\FinalProject_STM_V1_0_0\SDK_1.0.3_NUCLEO-F401RE\lib_stm\libLibraries.a(ucg_clip.o)
 .debug_abbrev  0x000030c3      0x1f2 C:\Funix\myWorkspace\Target\FinalProject_STM_V1_0_0\SDK_1.0.3_NUCLEO-F401RE\lib_stm\libLibraries.a(ucg_com_msg_api.o)

.debug_aranges  0x00000000     0x1060
 .debug_aranges
                0x00000000       0x40 ./Src/FlashMem/flashmem.o
 .debug_aranges
                0x00000040      0x158 ./Src/FlashMem/std/stm32f4xx_flash.o
 .debug_aranges
                0x00000198       0xb8 ./Src/main.o
 .debug_aranges
                0x00000250       0x20 ./Src/sysmem.o
 .debug_aranges
                0x00000270       0x28 ./Startup/startup_stm32f401retx.o
 .debug_aranges
                0x00000298       0x30 C:\Funix\myWorkspace\Target\FinalProject_STM_V1_0_0\SDK_1.0.3_NUCLEO-F401RE\lib_stm\libLibraries.a(system_stm32f4xx.o)
 .debug_aranges
                0x000002c8       0x40 C:\Funix\myWorkspace\Target\FinalProject_STM_V1_0_0\SDK_1.0.3_NUCLEO-F401RE\lib_stm\libLibraries.a(misc.o)
 .debug_aranges
                0x00000308       0x58 C:\Funix\myWorkspace\Target\FinalProject_STM_V1_0_0\SDK_1.0.3_NUCLEO-F401RE\lib_stm\libLibraries.a(stm32f401re_exti.o)
 .debug_aranges
                0x00000360       0x88 C:\Funix\myWorkspace\Target\FinalProject_STM_V1_0_0\SDK_1.0.3_NUCLEO-F401RE\lib_stm\libLibraries.a(stm32f401re_gpio.o)
 .debug_aranges
                0x000003e8      0x198 C:\Funix\myWorkspace\Target\FinalProject_STM_V1_0_0\SDK_1.0.3_NUCLEO-F401RE\lib_stm\libLibraries.a(stm32f401re_rcc.o)
 .debug_aranges
                0x00000580       0x50 C:\Funix\myWorkspace\Target\FinalProject_STM_V1_0_0\SDK_1.0.3_NUCLEO-F401RE\lib_stm\libLibraries.a(stm32f401re_syscfg.o)
 .debug_aranges
                0x000005d0      0x2f8 C:\Funix\myWorkspace\Target\FinalProject_STM_V1_0_0\SDK_1.0.3_NUCLEO-F401RE\lib_stm\libLibraries.a(stm32f401re_tim.o)
 .debug_aranges
                0x000008c8      0x100 C:\Funix\myWorkspace\Target\FinalProject_STM_V1_0_0\SDK_1.0.3_NUCLEO-F401RE\lib_stm\libLibraries.a(stm32f401re_usart.o)
 .debug_aranges
                0x000009c8       0x58 C:\Funix\myWorkspace\Target\FinalProject_STM_V1_0_0\SDK_1.0.3_NUCLEO-F401RE\lib_stm\libLibraries.a(button.o)
 .debug_aranges
                0x00000a20       0x70 C:\Funix\myWorkspace\Target\FinalProject_STM_V1_0_0\SDK_1.0.3_NUCLEO-F401RE\lib_stm\libLibraries.a(timer.o)
 .debug_aranges
                0x00000a90       0x48 C:\Funix\myWorkspace\Target\FinalProject_STM_V1_0_0\SDK_1.0.3_NUCLEO-F401RE\lib_stm\libLibraries.a(Ucglib.o)
 .debug_aranges
                0x00000ad8       0x48 C:\Funix\myWorkspace\Target\FinalProject_STM_V1_0_0\SDK_1.0.3_NUCLEO-F401RE\lib_stm\libLibraries.a(ucg_box.o)
 .debug_aranges
                0x00000b20       0x30 C:\Funix\myWorkspace\Target\FinalProject_STM_V1_0_0\SDK_1.0.3_NUCLEO-F401RE\lib_stm\libLibraries.a(ucg_ccs.o)
 .debug_aranges
                0x00000b50       0x48 C:\Funix\myWorkspace\Target\FinalProject_STM_V1_0_0\SDK_1.0.3_NUCLEO-F401RE\lib_stm\libLibraries.a(ucg_dev_default_cb.o)
 .debug_aranges
                0x00000b98       0x40 C:\Funix\myWorkspace\Target\FinalProject_STM_V1_0_0\SDK_1.0.3_NUCLEO-F401RE\lib_stm\libLibraries.a(ucg_dev_ic_st7735.o)
 .debug_aranges
                0x00000bd8       0x60 C:\Funix\myWorkspace\Target\FinalProject_STM_V1_0_0\SDK_1.0.3_NUCLEO-F401RE\lib_stm\libLibraries.a(ucg_dev_msg_api.o)
 .debug_aranges
                0x00000c38       0x20 C:\Funix\myWorkspace\Target\FinalProject_STM_V1_0_0\SDK_1.0.3_NUCLEO-F401RE\lib_stm\libLibraries.a(ucg_dev_tft_128x128_st7735.o)
 .debug_aranges
                0x00000c58      0x168 C:\Funix\myWorkspace\Target\FinalProject_STM_V1_0_0\SDK_1.0.3_NUCLEO-F401RE\lib_stm\libLibraries.a(ucg_font.o)
 .debug_aranges
                0x00000dc0       0x28 C:\Funix\myWorkspace\Target\FinalProject_STM_V1_0_0\SDK_1.0.3_NUCLEO-F401RE\lib_stm\libLibraries.a(ucg_init.o)
 .debug_aranges
                0x00000de8       0x48 C:\Funix\myWorkspace\Target\FinalProject_STM_V1_0_0\SDK_1.0.3_NUCLEO-F401RE\lib_stm\libLibraries.a(ucg_line.o)
 .debug_aranges
                0x00000e30       0x28 C:\Funix\myWorkspace\Target\FinalProject_STM_V1_0_0\SDK_1.0.3_NUCLEO-F401RE\lib_stm\libLibraries.a(ucg_pixel.o)
 .debug_aranges